stdio    D         file_stdio.c:107  file_stdio_fopen                 [   0.00000] opening C:\Users\franc\source\repos\Dravok\x64\Debug\allegro5.cfg r
system   D            wsystem.c:836  maybe_parent_dir                 [   0.00000] Also searching C:\Users\franc\source\repos\Dravok\x64\
system   D            wsystem.c:891  _al_win_safe_load_library        [   0.00000] PathFindOnPath found: C:\WINDOWS\system32\shcore.dll
system   D            wsystem.c:797  load_library_at_path             [   0.00000] Calling LoadLibrary C:\WINDOWS\system32\shcore.dll
system   I            wsystem.c:800  load_library_at_path             [   0.00000] Loaded C:\WINDOWS\system32\shcore.dll
system   I             system.c:272  al_install_system                [   0.00000] Allegro version: 5.2.11
dtor     D               dtor.c:196  _al_register_destructor          [   0.00057] added dtor for bitmap 000001F272D258F0, func 00007FFF473D12CB
dtor     D               dtor.c:196  _al_register_destructor          [   0.00128] added dtor for bitmap 000001F272D25C70, func 00007FFF473D12CB
dtor     D               dtor.c:196  _al_register_destructor          [   0.00381] added dtor for bitmap 000001F272D25E60, func 00007FFF473D12CB
dtor     D               dtor.c:196  _al_register_destructor          [   0.00393] added dtor for sub_bitmap 000001F272D45AC0, func 00007FFF473D12CB
dtor     D               dtor.c:196  _al_register_destructor          [   0.00395] added dtor for sub_bitmap 000001F272DB7620, func 00007FFF473D12CB
dtor     D               dtor.c:196  _al_register_destructor          [   0.00397] added dtor for sub_bitmap 000001F272DB8820, func 00007FFF473D12CB
dtor     D               dtor.c:196  _al_register_destructor          [   0.00399] added dtor for sub_bitmap 000001F272DB8A10, func 00007FFF473D12CB
dtor     D               dtor.c:196  _al_register_destructor          [   0.00401] added dtor for sub_bitmap 000001F272DB8C00, func 00007FFF473D12CB
dtor     D               dtor.c:196  _al_register_destructor          [   0.00402] added dtor for sub_bitmap 000001F272DB8DF0, func 00007FFF473D12CB
dtor     D               dtor.c:196  _al_register_destructor          [   0.00404] added dtor for sub_bitmap 000001F272DB8FE0, func 00007FFF473D12CB
dtor     D               dtor.c:196  _al_register_destructor          [   0.00406] added dtor for sub_bitmap 000001F272DB91D0, func 00007FFF473D12CB
dtor     D               dtor.c:196  _al_register_destructor          [   0.00408] added dtor for sub_bitmap 000001F272DB93C0, func 00007FFF473D12CB
dtor     D               dtor.c:196  _al_register_destructor          [   0.00410] added dtor for sub_bitmap 000001F272DB95B0, func 00007FFF473D12CB
dtor     D               dtor.c:196  _al_register_destructor          [   0.00411] added dtor for sub_bitmap 000001F272DB97A0, func 00007FFF473D12CB
dtor     D               dtor.c:196  _al_register_destructor          [   0.00413] added dtor for sub_bitmap 000001F272DB9990, func 00007FFF473D12CB
dtor     D               dtor.c:196  _al_register_destructor          [   0.00415] added dtor for sub_bitmap 000001F272DB9B80, func 00007FFF473D12CB
dtor     D               dtor.c:196  _al_register_destructor          [   0.00417] added dtor for sub_bitmap 000001F272DB9D70, func 00007FFF473D12CB
dtor     D               dtor.c:196  _al_register_destructor          [   0.00419] added dtor for sub_bitmap 000001F272DB9FB0, func 00007FFF473D12CB
dtor     D               dtor.c:196  _al_register_destructor          [   0.00420] added dtor for sub_bitmap 000001F272DBA1A0, func 00007FFF473D12CB
dtor     D               dtor.c:196  _al_register_destructor          [   0.00422] added dtor for sub_bitmap 000001F272DBA390, func 00007FFF473D12CB
dtor     D               dtor.c:196  _al_register_destructor          [   0.00424] added dtor for sub_bitmap 000001F272DBA580, func 00007FFF473D12CB
dtor     D               dtor.c:196  _al_register_destructor          [   0.00425] added dtor for sub_bitmap 000001F272DBA770, func 00007FFF473D12CB
dtor     D               dtor.c:196  _al_register_destructor          [   0.00427] added dtor for sub_bitmap 000001F272DBAB50, func 00007FFF473D12CB
dtor     D               dtor.c:196  _al_register_destructor          [   0.00435] added dtor for sub_bitmap 000001F272DBA960, func 00007FFF473D12CB
dtor     D               dtor.c:196  _al_register_destructor          [   0.00437] added dtor for sub_bitmap 000001F272DBAD40, func 00007FFF473D12CB
dtor     D               dtor.c:196  _al_register_destructor          [   0.00439] added dtor for sub_bitmap 000001F272D28B40, func 00007FFF473D12CB
dtor     D               dtor.c:196  _al_register_destructor          [   0.00441] added dtor for sub_bitmap 000001F272D28570, func 00007FFF473D12CB
dtor     D               dtor.c:196  _al_register_destructor          [   0.00443] added dtor for sub_bitmap 000001F272D27020, func 00007FFF473D12CB
dtor     D               dtor.c:196  _al_register_destructor          [   0.00444] added dtor for sub_bitmap 000001F272D28760, func 00007FFF473D12CB
dtor     D               dtor.c:196  _al_register_destructor          [   0.00446] added dtor for sub_bitmap 000001F272D277E0, func 00007FFF473D12CB
dtor     D               dtor.c:196  _al_register_destructor          [   0.00447] added dtor for sub_bitmap 000001F272D28950, func 00007FFF473D12CB
dtor     D               dtor.c:196  _al_register_destructor          [   0.00449] added dtor for sub_bitmap 000001F272D275F0, func 00007FFF473D12CB
dtor     D               dtor.c:196  _al_register_destructor          [   0.00451] added dtor for sub_bitmap 000001F272D26E30, func 00007FFF473D12CB
dtor     D               dtor.c:196  _al_register_destructor          [   0.00452] added dtor for sub_bitmap 000001F272D27210, func 00007FFF473D12CB
dtor     D               dtor.c:196  _al_register_destructor          [   0.00454] added dtor for sub_bitmap 000001F272D27400, func 00007FFF473D12CB
dtor     D               dtor.c:196  _al_register_destructor          [   0.00456] added dtor for sub_bitmap 000001F272D279D0, func 00007FFF473D12CB
dtor     D               dtor.c:196  _al_register_destructor          [   0.00459] added dtor for sub_bitmap 000001F272D27BC0, func 00007FFF473D12CB
dtor     D               dtor.c:196  _al_register_destructor          [   0.00461] added dtor for sub_bitmap 000001F272D27DB0, func 00007FFF473D12CB
dtor     D               dtor.c:196  _al_register_destructor          [   0.00462] added dtor for sub_bitmap 000001F272D27FA0, func 00007FFF473D12CB
dtor     D               dtor.c:196  _al_register_destructor          [   0.00464] added dtor for sub_bitmap 000001F272D28190, func 00007FFF473D12CB
dtor     D               dtor.c:196  _al_register_destructor          [   0.00466] added dtor for sub_bitmap 000001F272D28380, func 00007FFF473D12CB
dtor     D               dtor.c:196  _al_register_destructor          [   0.00468] added dtor for sub_bitmap 000001F272DBED10, func 00007FFF473D12CB
dtor     D               dtor.c:196  _al_register_destructor          [   0.00470] added dtor for sub_bitmap 000001F272DBEF00, func 00007FFF473D12CB
dtor     D               dtor.c:196  _al_register_destructor          [   0.00472] added dtor for sub_bitmap 000001F272DBF0F0, func 00007FFF473D12CB
dtor     D               dtor.c:196  _al_register_destructor          [   0.00473] added dtor for sub_bitmap 000001F272DBEB20, func 00007FFF473D12CB
dtor     D               dtor.c:196  _al_register_destructor          [   0.00475] added dtor for sub_bitmap 000001F272DBD3E0, func 00007FFF473D12CB
dtor     D               dtor.c:196  _al_register_destructor          [   0.00477] added dtor for sub_bitmap 000001F272DBD5D0, func 00007FFF473D12CB
dtor     D               dtor.c:196  _al_register_destructor          [   0.00479] added dtor for sub_bitmap 000001F272DBE740, func 00007FFF473D12CB
dtor     D               dtor.c:196  _al_register_destructor          [   0.00480] added dtor for sub_bitmap 000001F272DBD7C0, func 00007FFF473D12CB
dtor     D               dtor.c:196  _al_register_destructor          [   0.00482] added dtor for sub_bitmap 000001F272DBE930, func 00007FFF473D12CB
dtor     D               dtor.c:196  _al_register_destructor          [   0.00484] added dtor for sub_bitmap 000001F272DBD9B0, func 00007FFF473D12CB
dtor     D               dtor.c:196  _al_register_destructor          [   0.00486] added dtor for sub_bitmap 000001F272DBE170, func 00007FFF473D12CB
dtor     D               dtor.c:196  _al_register_destructor          [   0.00487] added dtor for sub_bitmap 000001F272DBDBA0, func 00007FFF473D12CB
dtor     D               dtor.c:196  _al_register_destructor          [   0.00489] added dtor for sub_bitmap 000001F272DBDD90, func 00007FFF473D12CB
dtor     D               dtor.c:196  _al_register_destructor          [   0.00491] added dtor for sub_bitmap 000001F272DBDF80, func 00007FFF473D12CB
dtor     D               dtor.c:196  _al_register_destructor          [   0.00492] added dtor for sub_bitmap 000001F272DBE360, func 00007FFF473D12CB
dtor     D               dtor.c:196  _al_register_destructor          [   0.00494] added dtor for sub_bitmap 000001F272DBE550, func 00007FFF473D12CB
dtor     D               dtor.c:196  _al_register_destructor          [   0.00496] added dtor for sub_bitmap 000001F272DBFF90, func 00007FFF473D12CB
dtor     D               dtor.c:196  _al_register_destructor          [   0.00498] added dtor for sub_bitmap 000001F272DBF5E0, func 00007FFF473D12CB
dtor     D               dtor.c:196  _al_register_destructor          [   0.00500] added dtor for sub_bitmap 000001F272DC0370, func 00007FFF473D12CB
dtor     D               dtor.c:196  _al_register_destructor          [   0.00501] added dtor for sub_bitmap 000001F272DC0560, func 00007FFF473D12CB
dtor     D               dtor.c:196  _al_register_destructor          [   0.00503] added dtor for sub_bitmap 000001F272DC1100, func 00007FFF473D12CB
dtor     D               dtor.c:196  _al_register_destructor          [   0.00505] added dtor for sub_bitmap 000001F272DC0B30, func 00007FFF473D12CB
dtor     D               dtor.c:196  _al_register_destructor          [   0.00506] added dtor for sub_bitmap 000001F272DC0180, func 00007FFF473D12CB
dtor     D               dtor.c:196  _al_register_destructor          [   0.00508] added dtor for sub_bitmap 000001F272DBF9C0, func 00007FFF473D12CB
dtor     D               dtor.c:196  _al_register_destructor          [   0.00510] added dtor for sub_bitmap 000001F272DC0750, func 00007FFF473D12CB
dtor     D               dtor.c:196  _al_register_destructor          [   0.00512] added dtor for sub_bitmap 000001F272DC0940, func 00007FFF473D12CB
dtor     D               dtor.c:196  _al_register_destructor          [   0.00514] added dtor for sub_bitmap 000001F272DBF7D0, func 00007FFF473D12CB
dtor     D               dtor.c:196  _al_register_destructor          [   0.00516] added dtor for sub_bitmap 000001F272DC0D20, func 00007FFF473D12CB
dtor     D               dtor.c:196  _al_register_destructor          [   0.00517] added dtor for sub_bitmap 000001F272DC0F10, func 00007FFF473D12CB
dtor     D               dtor.c:196  _al_register_destructor          [   0.00519] added dtor for sub_bitmap 000001F272DBF3F0, func 00007FFF473D12CB
dtor     D               dtor.c:196  _al_register_destructor          [   0.00521] added dtor for sub_bitmap 000001F272DBFBB0, func 00007FFF473D12CB
dtor     D               dtor.c:196  _al_register_destructor          [   0.00523] added dtor for sub_bitmap 000001F272DBFDA0, func 00007FFF473D12CB
dtor     D               dtor.c:196  _al_register_destructor          [   0.00525] added dtor for sub_bitmap 000001F272DC1400, func 00007FFF473D12CB
dtor     D               dtor.c:196  _al_register_destructor          [   0.00526] added dtor for sub_bitmap 000001F272DC1FA0, func 00007FFF473D12CB
dtor     D               dtor.c:196  _al_register_destructor          [   0.00529] added dtor for sub_bitmap 000001F272DC2380, func 00007FFF473D12CB
dtor     D               dtor.c:196  _al_register_destructor          [   0.00531] added dtor for sub_bitmap 000001F272DC2F20, func 00007FFF473D12CB
dtor     D               dtor.c:196  _al_register_destructor          [   0.00533] added dtor for sub_bitmap 000001F272DC3110, func 00007FFF473D12CB
dtor     D               dtor.c:196  _al_register_destructor          [   0.00535] added dtor for sub_bitmap 000001F272DC2190, func 00007FFF473D12CB
dtor     D               dtor.c:196  _al_register_destructor          [   0.00537] added dtor for sub_bitmap 000001F272DC2570, func 00007FFF473D12CB
dtor     D               dtor.c:196  _al_register_destructor          [   0.00538] added dtor for sub_bitmap 000001F272DC15F0, func 00007FFF473D12CB
dtor     D               dtor.c:196  _al_register_destructor          [   0.00540] added dtor for sub_bitmap 000001F272DC19D0, func 00007FFF473D12CB
dtor     D               dtor.c:196  _al_register_destructor          [   0.00542] added dtor for sub_bitmap 000001F272DC17E0, func 00007FFF473D12CB
dtor     D               dtor.c:196  _al_register_destructor          [   0.00544] added dtor for sub_bitmap 000001F272DC2760, func 00007FFF473D12CB
dtor     D               dtor.c:196  _al_register_destructor          [   0.00546] added dtor for sub_bitmap 000001F272DC1BC0, func 00007FFF473D12CB
dtor     D               dtor.c:196  _al_register_destructor          [   0.00548] added dtor for sub_bitmap 000001F272DC2950, func 00007FFF473D12CB
dtor     D               dtor.c:196  _al_register_destructor          [   0.00549] added dtor for sub_bitmap 000001F272DC2B40, func 00007FFF473D12CB
dtor     D               dtor.c:196  _al_register_destructor          [   0.00551] added dtor for sub_bitmap 000001F272DC1DB0, func 00007FFF473D12CB
dtor     D               dtor.c:196  _al_register_destructor          [   0.00553] added dtor for sub_bitmap 000001F272DC2D30, func 00007FFF473D12CB
dtor     D               dtor.c:196  _al_register_destructor          [   0.00556] added dtor for sub_bitmap 000001F272DC7140, func 00007FFF473D12CB
dtor     D               dtor.c:196  _al_register_destructor          [   0.00557] added dtor for sub_bitmap 000001F272DC61C0, func 00007FFF473D12CB
dtor     D               dtor.c:196  _al_register_destructor          [   0.00559] added dtor for sub_bitmap 000001F272DC5430, func 00007FFF473D12CB
dtor     D               dtor.c:196  _al_register_destructor          [   0.00561] added dtor for sub_bitmap 000001F272DC5BF0, func 00007FFF473D12CB
dtor     D               dtor.c:196  _al_register_destructor          [   0.00563] added dtor for sub_bitmap 000001F272DC5810, func 00007FFF473D12CB
dtor     D               dtor.c:196  _al_register_destructor          [   0.00565] added dtor for sub_bitmap 000001F272DC5620, func 00007FFF473D12CB
dtor     D               dtor.c:196  _al_register_destructor          [   0.00567] added dtor for sub_bitmap 000001F272DC6D60, func 00007FFF473D12CB
dtor     D               dtor.c:196  _al_register_destructor          [   0.00569] added dtor for sub_bitmap 000001F272DC6F50, func 00007FFF473D12CB
dtor     D               dtor.c:196  _al_register_destructor          [   0.00570] added dtor for sub_bitmap 000001F272DC6B70, func 00007FFF473D12CB
dtor     D               dtor.c:196  _al_register_destructor          [   0.00572] added dtor for sub_bitmap 000001F272DC5FD0, func 00007FFF473D12CB
dtor     D               dtor.c:196  _al_register_destructor          [   0.00575] added dtor for sub_bitmap 000001F272DC5A00, func 00007FFF473D12CB
dtor     D               dtor.c:196  _al_register_destructor          [   0.00577] added dtor for sub_bitmap 000001F272DC6790, func 00007FFF473D12CB
dtor     D               dtor.c:196  _al_register_destructor          [   0.00579] added dtor for sub_bitmap 000001F272DC6980, func 00007FFF473D12CB
dtor     D               dtor.c:196  _al_register_destructor          [   0.00580] added dtor for sub_bitmap 000001F272DC63B0, func 00007FFF473D12CB
dtor     D               dtor.c:196  _al_register_destructor          [   0.00582] added dtor for sub_bitmap 000001F272DC5DE0, func 00007FFF473D12CB
dtor     D               dtor.c:196  _al_register_destructor          [   0.00584] added dtor for sub_bitmap 000001F272DC65A0, func 00007FFF473D12CB
dtor     D               dtor.c:196  _al_register_destructor          [   0.00589] added dtor for sub_bitmap 000001F272DC7780, func 00007FFF473D12CB
dtor     D               dtor.c:196  _al_register_destructor          [   0.00591] added dtor for sub_bitmap 000001F272DC8EC0, func 00007FFF473D12CB
dtor     D               dtor.c:196  _al_register_destructor          [   0.00593] added dtor for sub_bitmap 000001F272DC8320, func 00007FFF473D12CB
dtor     D               dtor.c:196  _al_register_destructor          [   0.00595] added dtor for sub_bitmap 000001F272DC8CD0, func 00007FFF473D12CB
dtor     D               dtor.c:196  _al_register_destructor          [   0.00597] added dtor for sub_bitmap 000001F272DC8130, func 00007FFF473D12CB
dtor     D               dtor.c:196  _al_register_destructor          [   0.00599] added dtor for sub_bitmap 000001F272DC9490, func 00007FFF473D12CB
dtor     D               dtor.c:196  _al_register_destructor          [   0.00601] added dtor for sub_bitmap 000001F272DC7970, func 00007FFF473D12CB
dtor     D               dtor.c:196  _al_register_destructor          [   0.00603] added dtor for sub_bitmap 000001F272DC8AE0, func 00007FFF473D12CB
dtor     D               dtor.c:196  _al_register_destructor          [   0.00605] added dtor for sub_bitmap 000001F272DC8510, func 00007FFF473D12CB
dtor     D               dtor.c:196  _al_register_destructor          [   0.00608] added dtor for sub_bitmap 000001F272DC7D50, func 00007FFF473D12CB
dtor     D               dtor.c:196  _al_register_destructor          [   0.00610] added dtor for sub_bitmap 000001F272DC90B0, func 00007FFF473D12CB
dtor     D               dtor.c:196  _al_register_destructor          [   0.00612] added dtor for sub_bitmap 000001F272DC92A0, func 00007FFF473D12CB
dtor     D               dtor.c:196  _al_register_destructor          [   0.00614] added dtor for sub_bitmap 000001F272DC7B60, func 00007FFF473D12CB
dtor     D               dtor.c:196  _al_register_destructor          [   0.00615] added dtor for sub_bitmap 000001F272DC7F40, func 00007FFF473D12CB
dtor     D               dtor.c:196  _al_register_destructor          [   0.00617] added dtor for sub_bitmap 000001F272DC8700, func 00007FFF473D12CB
dtor     D               dtor.c:196  _al_register_destructor          [   0.00619] added dtor for sub_bitmap 000001F272DC88F0, func 00007FFF473D12CB
dtor     D               dtor.c:196  _al_register_destructor          [   0.00622] added dtor for sub_bitmap 000001F272DCC350, func 00007FFF473D12CB
dtor     D               dtor.c:196  _al_register_destructor          [   0.00624] added dtor for sub_bitmap 000001F272DCCEF0, func 00007FFF473D12CB
dtor     D               dtor.c:196  _al_register_destructor          [   0.00626] added dtor for sub_bitmap 000001F272DCCB10, func 00007FFF473D12CB
dtor     D               dtor.c:196  _al_register_destructor          [   0.00628] added dtor for sub_bitmap 000001F272DCB9A0, func 00007FFF473D12CB
dtor     D               dtor.c:196  _al_register_destructor          [   0.00629] added dtor for sub_bitmap 000001F272DCD4C0, func 00007FFF473D12CB
dtor     D               dtor.c:196  _al_register_destructor          [   0.00631] added dtor for sub_bitmap 000001F272DCBF70, func 00007FFF473D12CB
dtor     D               dtor.c:196  _al_register_destructor          [   0.00633] added dtor for sub_bitmap 000001F272DCC920, func 00007FFF473D12CB
dtor     D               dtor.c:196  _al_register_destructor          [   0.00635] added dtor for sub_bitmap 000001F272DCCD00, func 00007FFF473D12CB
dtor     D               dtor.c:196  _al_register_destructor          [   0.00637] added dtor for sub_bitmap 000001F272DCD2D0, func 00007FFF473D12CB
dtor     D               dtor.c:196  _al_register_destructor          [   0.00639] added dtor for sub_bitmap 000001F272DCD0E0, func 00007FFF473D12CB
dtor     D               dtor.c:196  _al_register_destructor          [   0.00641] added dtor for sub_bitmap 000001F272DCB7B0, func 00007FFF473D12CB
dtor     D               dtor.c:196  _al_register_destructor          [   0.00647] added dtor for sub_bitmap 000001F272DCC540, func 00007FFF473D12CB
dtor     D               dtor.c:196  _al_register_destructor          [   0.00649] added dtor for sub_bitmap 000001F272DCBB90, func 00007FFF473D12CB
dtor     D               dtor.c:196  _al_register_destructor          [   0.00651] added dtor for sub_bitmap 000001F272DCBD80, func 00007FFF473D12CB
dtor     D               dtor.c:196  _al_register_destructor          [   0.00653] added dtor for sub_bitmap 000001F272DCC160, func 00007FFF473D12CB
dtor     D               dtor.c:196  _al_register_destructor          [   0.00655] added dtor for sub_bitmap 000001F272DCC730, func 00007FFF473D12CB
dtor     D               dtor.c:196  _al_register_destructor          [   0.00657] added dtor for sub_bitmap 000001F272DCDBA0, func 00007FFF473D12CB
dtor     D               dtor.c:196  _al_register_destructor          [   0.00659] added dtor for sub_bitmap 000001F272DCE930, func 00007FFF473D12CB
dtor     D               dtor.c:196  _al_register_destructor          [   0.00661] added dtor for sub_bitmap 000001F272DCE360, func 00007FFF473D12CB
dtor     D               dtor.c:196  _al_register_destructor          [   0.00663] added dtor for sub_bitmap 000001F272DCEF00, func 00007FFF473D12CB
dtor     D               dtor.c:196  _al_register_destructor          [   0.00665] added dtor for sub_bitmap 000001F272DCD7C0, func 00007FFF473D12CB
dtor     D               dtor.c:196  _al_register_destructor          [   0.00667] added dtor for sub_bitmap 000001F272DCED10, func 00007FFF473D12CB
dtor     D               dtor.c:196  _al_register_destructor          [   0.00668] added dtor for sub_bitmap 000001F272DCE740, func 00007FFF473D12CB
dtor     D               dtor.c:196  _al_register_destructor          [   0.00670] added dtor for sub_bitmap 000001F272DCDD90, func 00007FFF473D12CB
dtor     D               dtor.c:196  _al_register_destructor          [   0.00672] added dtor for sub_bitmap 000001F272DCF4D0, func 00007FFF473D12CB
dtor     D               dtor.c:196  _al_register_destructor          [   0.00674] added dtor for sub_bitmap 000001F272DCD9B0, func 00007FFF473D12CB
dtor     D               dtor.c:196  _al_register_destructor          [   0.00676] added dtor for sub_bitmap 000001F272DCEB20, func 00007FFF473D12CB
dtor     D               dtor.c:196  _al_register_destructor          [   0.00678] added dtor for sub_bitmap 000001F272DCDF80, func 00007FFF473D12CB
dtor     D               dtor.c:196  _al_register_destructor          [   0.00680] added dtor for sub_bitmap 000001F272DCE170, func 00007FFF473D12CB
dtor     D               dtor.c:196  _al_register_destructor          [   0.00682] added dtor for sub_bitmap 000001F272DCF0F0, func 00007FFF473D12CB
dtor     D               dtor.c:196  _al_register_destructor          [   0.00684] added dtor for sub_bitmap 000001F272DCE550, func 00007FFF473D12CB
dtor     D               dtor.c:196  _al_register_destructor          [   0.00685] added dtor for sub_bitmap 000001F272DCF2E0, func 00007FFF473D12CB
dtor     D               dtor.c:196  _al_register_destructor          [   0.00688] added dtor for sub_bitmap 000001F272DD1F40, func 00007FFF473D12CB
dtor     D               dtor.c:196  _al_register_destructor          [   0.00690] added dtor for sub_bitmap 000001F272DD2130, func 00007FFF473D12CB
dtor     D               dtor.c:196  _al_register_destructor          [   0.00692] added dtor for sub_bitmap 000001F272DD3E40, func 00007FFF473D12CB
dtor     D               dtor.c:196  _al_register_destructor          [   0.00694] added dtor for sub_bitmap 000001F272DD0BE0, func 00007FFF473D12CB
dtor     D               dtor.c:196  _al_register_destructor          [   0.00696] added dtor for sub_bitmap 000001F272DD3870, func 00007FFF473D12CB
dtor     D               dtor.c:196  _al_register_destructor          [   0.00698] added dtor for sub_bitmap 000001F272DD0DD0, func 00007FFF473D12CB
dtor     D               dtor.c:196  _al_register_destructor          [   0.00700] added dtor for sub_bitmap 000001F272DD2EC0, func 00007FFF473D12CB
dtor     D               dtor.c:196  _al_register_destructor          [   0.00702] added dtor for sub_bitmap 000001F272DD2320, func 00007FFF473D12CB
dtor     D               dtor.c:196  _al_register_destructor          [   0.00703] added dtor for sub_bitmap 000001F272DD4220, func 00007FFF473D12CB
dtor     D               dtor.c:196  _al_register_destructor          [   0.00705] added dtor for sub_bitmap 000001F272DD30B0, func 00007FFF473D12CB
dtor     D               dtor.c:196  _al_register_destructor          [   0.00708] added dtor for sub_bitmap 000001F272DD4600, func 00007FFF473D12CB
dtor     D               dtor.c:196  _al_register_destructor          [   0.00709] added dtor for sub_bitmap 000001F272DD0FC0, func 00007FFF473D12CB
dtor     D               dtor.c:196  _al_register_destructor          [   0.00711] added dtor for sub_bitmap 000001F272DD11B0, func 00007FFF473D12CB
dtor     D               dtor.c:196  _al_register_destructor          [   0.00713] added dtor for sub_bitmap 000001F272DD2510, func 00007FFF473D12CB
dtor     D               dtor.c:196  _al_register_destructor          [   0.00715] added dtor for sub_bitmap 000001F272DD2700, func 00007FFF473D12CB
dtor     D               dtor.c:196  _al_register_destructor          [   0.00717] added dtor for sub_bitmap 000001F272DD3490, func 00007FFF473D12CB
dtor     D               dtor.c:196  _al_register_destructor          [   0.00719] added dtor for sub_bitmap 000001F272DD28F0, func 00007FFF473D12CB
dtor     D               dtor.c:196  _al_register_destructor          [   0.00721] added dtor for sub_bitmap 000001F272DD13A0, func 00007FFF473D12CB
dtor     D               dtor.c:196  _al_register_destructor          [   0.00722] added dtor for sub_bitmap 000001F272DD32A0, func 00007FFF473D12CB
dtor     D               dtor.c:196  _al_register_destructor          [   0.00724] added dtor for sub_bitmap 000001F272DD2AE0, func 00007FFF473D12CB
dtor     D               dtor.c:196  _al_register_destructor          [   0.00726] added dtor for sub_bitmap 000001F272DD1590, func 00007FFF473D12CB
dtor     D               dtor.c:196  _al_register_destructor          [   0.00728] added dtor for sub_bitmap 000001F272DD2CD0, func 00007FFF473D12CB
dtor     D               dtor.c:196  _al_register_destructor          [   0.00730] added dtor for sub_bitmap 000001F272DD1780, func 00007FFF473D12CB
dtor     D               dtor.c:196  _al_register_destructor          [   0.00732] added dtor for sub_bitmap 000001F272DD3680, func 00007FFF473D12CB
dtor     D               dtor.c:196  _al_register_destructor          [   0.00733] added dtor for sub_bitmap 000001F272DD3A60, func 00007FFF473D12CB
dtor     D               dtor.c:196  _al_register_destructor          [   0.00735] added dtor for sub_bitmap 000001F272DD3C50, func 00007FFF473D12CB
dtor     D               dtor.c:196  _al_register_destructor          [   0.00737] added dtor for sub_bitmap 000001F272DD4030, func 00007FFF473D12CB
dtor     D               dtor.c:196  _al_register_destructor          [   0.00739] added dtor for sub_bitmap 000001F272DD4410, func 00007FFF473D12CB
dtor     D               dtor.c:196  _al_register_destructor          [   0.00741] added dtor for sub_bitmap 000001F272DD1970, func 00007FFF473D12CB
dtor     D               dtor.c:196  _al_register_destructor          [   0.00743] added dtor for sub_bitmap 000001F272DD1B60, func 00007FFF473D12CB
dtor     D               dtor.c:196  _al_register_destructor          [   0.00745] added dtor for sub_bitmap 000001F272DD1D50, func 00007FFF473D12CB
dtor     D               dtor.c:196  _al_register_destructor          [   0.00747] added dtor for sub_bitmap 000001F272DD47F0, func 00007FFF473D12CB
dtor     D               dtor.c:196  _al_register_destructor          [   0.00749] added dtor for sub_bitmap 000001F272DD77B0, func 00007FFF473D12CB
dtor     D               dtor.c:196  _al_register_destructor          [   0.00751] added dtor for sub_bitmap 000001F272DD96B0, func 00007FFF473D12CB
dtor     D               dtor.c:196  _al_register_destructor          [   0.00753] added dtor for sub_bitmap 000001F272DD8920, func 00007FFF473D12CB
dtor     D               dtor.c:196  _al_register_destructor          [   0.00755] added dtor for sub_bitmap 000001F272DD8730, func 00007FFF473D12CB
dtor     D               dtor.c:196  _al_register_destructor          [   0.00757] added dtor for sub_bitmap 000001F272DD92D0, func 00007FFF473D12CB
dtor     D               dtor.c:196  _al_register_destructor          [   0.00759] added dtor for sub_bitmap 000001F272DD8160, func 00007FFF473D12CB
dtor     D               dtor.c:196  _al_register_destructor          [   0.00761] added dtor for sub_bitmap 000001F272DD6C10, func 00007FFF473D12CB
dtor     D               dtor.c:196  _al_register_destructor          [   0.00763] added dtor for sub_bitmap 000001F272DD6E00, func 00007FFF473D12CB
dtor     D               dtor.c:196  _al_register_destructor          [   0.00764] added dtor for sub_bitmap 000001F272DD71E0, func 00007FFF473D12CB
dtor     D               dtor.c:196  _al_register_destructor          [   0.00766] added dtor for sub_bitmap 000001F272DD6FF0, func 00007FFF473D12CB
dtor     D               dtor.c:196  _al_register_destructor          [   0.00769] added dtor for sub_bitmap 000001F272DD94C0, func 00007FFF473D12CB
dtor     D               dtor.c:196  _al_register_destructor          [   0.00771] added dtor for sub_bitmap 000001F272DD73D0, func 00007FFF473D12CB
dtor     D               dtor.c:196  _al_register_destructor          [   0.00773] added dtor for sub_bitmap 000001F272DD8D00, func 00007FFF473D12CB
dtor     D               dtor.c:196  _al_register_destructor          [   0.00775] added dtor for sub_bitmap 000001F272DD8B10, func 00007FFF473D12CB
dtor     D               dtor.c:196  _al_register_destructor          [   0.00777] added dtor for sub_bitmap 000001F272DD9E70, func 00007FFF473D12CB
dtor     D               dtor.c:196  _al_register_destructor          [   0.00779] added dtor for sub_bitmap 000001F272DDA060, func 00007FFF473D12CB
dtor     D               dtor.c:196  _al_register_destructor          [   0.00781] added dtor for sub_bitmap 000001F272DDA630, func 00007FFF473D12CB
dtor     D               dtor.c:196  _al_register_destructor          [   0.00782] added dtor for sub_bitmap 000001F272DDA440, func 00007FFF473D12CB
dtor     D               dtor.c:196  _al_register_destructor          [   0.00784] added dtor for sub_bitmap 000001F272DD8EF0, func 00007FFF473D12CB
dtor     D               dtor.c:196  _al_register_destructor          [   0.00786] added dtor for sub_bitmap 000001F272DD75C0, func 00007FFF473D12CB
dtor     D               dtor.c:196  _al_register_destructor          [   0.00788] added dtor for sub_bitmap 000001F272DD79A0, func 00007FFF473D12CB
dtor     D               dtor.c:196  _al_register_destructor          [   0.00790] added dtor for sub_bitmap 000001F272DD8350, func 00007FFF473D12CB
dtor     D               dtor.c:196  _al_register_destructor          [   0.00792] added dtor for sub_bitmap 000001F272DD90E0, func 00007FFF473D12CB
dtor     D               dtor.c:196  _al_register_destructor          [   0.00794] added dtor for sub_bitmap 000001F272DD8540, func 00007FFF473D12CB
dtor     D               dtor.c:196  _al_register_destructor          [   0.00795] added dtor for sub_bitmap 000001F272DD98A0, func 00007FFF473D12CB
dtor     D               dtor.c:196  _al_register_destructor          [   0.00797] added dtor for sub_bitmap 000001F272DDA820, func 00007FFF473D12CB
dtor     D               dtor.c:196  _al_register_destructor          [   0.00799] added dtor for sub_bitmap 000001F272DDA250, func 00007FFF473D12CB
dtor     D               dtor.c:196  _al_register_destructor          [   0.00801] added dtor for sub_bitmap 000001F272DD9A90, func 00007FFF473D12CB
dtor     D               dtor.c:196  _al_register_destructor          [   0.00803] added dtor for sub_bitmap 000001F272DD7B90, func 00007FFF473D12CB
dtor     D               dtor.c:196  _al_register_destructor          [   0.00805] added dtor for sub_bitmap 000001F272DD7D80, func 00007FFF473D12CB
dtor     D               dtor.c:196  _al_register_destructor          [   0.00808] added dtor for sub_bitmap 000001F272DD7F70, func 00007FFF473D12CB
dtor     D               dtor.c:196  _al_register_destructor          [   0.00810] added dtor for sub_bitmap 000001F272DD9C80, func 00007FFF473D12CB
dtor     D               dtor.c:196  _al_register_destructor          [   0.00813] added dtor for sub_bitmap 000001F272DDDA30, func 00007FFF473D12CB
dtor     D               dtor.c:196  _al_register_destructor          [   0.00814] added dtor for sub_bitmap 000001F272DDF170, func 00007FFF473D12CB
dtor     D               dtor.c:196  _al_register_destructor          [   0.00816] added dtor for sub_bitmap 000001F272DE06C0, func 00007FFF473D12CB
dtor     D               dtor.c:196  _al_register_destructor          [   0.00818] added dtor for sub_bitmap 000001F272DDDC20, func 00007FFF473D12CB
dtor     D               dtor.c:196  _al_register_destructor          [   0.00820] added dtor for sub_bitmap 000001F272DDFF00, func 00007FFF473D12CB
dtor     D               dtor.c:196  _al_register_destructor          [   0.00822] added dtor for sub_bitmap 000001F272DDD080, func 00007FFF473D12CB
dtor     D               dtor.c:196  _al_register_destructor          [   0.00824] added dtor for sub_bitmap 000001F272DDD270, func 00007FFF473D12CB
dtor     D               dtor.c:196  _al_register_destructor          [   0.00825] added dtor for sub_bitmap 000001F272DDE5D0, func 00007FFF473D12CB
dtor     D               dtor.c:196  _al_register_destructor          [   0.00827] added dtor for sub_bitmap 000001F272DDE9B0, func 00007FFF473D12CB
dtor     D               dtor.c:196  _al_register_destructor          [   0.00829] added dtor for sub_bitmap 000001F272DDF360, func 00007FFF473D12CB
dtor     D               dtor.c:196  _al_register_destructor          [   0.00831] added dtor for sub_bitmap 000001F272DE00F0, func 00007FFF473D12CB
dtor     D               dtor.c:196  _al_register_destructor          [   0.00833] added dtor for sub_bitmap 000001F272DDF550, func 00007FFF473D12CB
dtor     D               dtor.c:196  _al_register_destructor          [   0.00835] added dtor for sub_bitmap 000001F272DE02E0, func 00007FFF473D12CB
dtor     D               dtor.c:196  _al_register_destructor          [   0.00837] added dtor for sub_bitmap 000001F272DDE7C0, func 00007FFF473D12CB
dtor     D               dtor.c:196  _al_register_destructor          [   0.00839] added dtor for sub_bitmap 000001F272DE0AA0, func 00007FFF473D12CB
dtor     D               dtor.c:196  _al_register_destructor          [   0.00840] added dtor for sub_bitmap 000001F272DDEBA0, func 00007FFF473D12CB
dtor     D               dtor.c:196  _al_register_destructor          [   0.00842] added dtor for sub_bitmap 000001F272DE08B0, func 00007FFF473D12CB
dtor     D               dtor.c:196  _al_register_destructor          [   0.00844] added dtor for sub_bitmap 000001F272DDFB20, func 00007FFF473D12CB
dtor     D               dtor.c:196  _al_register_destructor          [   0.00846] added dtor for sub_bitmap 000001F272DDED90, func 00007FFF473D12CB
dtor     D               dtor.c:196  _al_register_destructor          [   0.00848] added dtor for sub_bitmap 000001F272DDEF80, func 00007FFF473D12CB
dtor     D               dtor.c:196  _al_register_destructor          [   0.00850] added dtor for sub_bitmap 000001F272DDF740, func 00007FFF473D12CB
dtor     D               dtor.c:196  _al_register_destructor          [   0.00852] added dtor for sub_bitmap 000001F272DE0C90, func 00007FFF473D12CB
dtor     D               dtor.c:196  _al_register_destructor          [   0.00854] added dtor for sub_bitmap 000001F272DDD460, func 00007FFF473D12CB
dtor     D               dtor.c:196  _al_register_destructor          [   0.00855] added dtor for sub_bitmap 000001F272DDDE10, func 00007FFF473D12CB
dtor     D               dtor.c:196  _al_register_destructor          [   0.00857] added dtor for sub_bitmap 000001F272DDF930, func 00007FFF473D12CB
dtor     D               dtor.c:196  _al_register_destructor          [   0.00859] added dtor for sub_bitmap 000001F272DDFD10, func 00007FFF473D12CB
dtor     D               dtor.c:196  _al_register_destructor          [   0.00861] added dtor for sub_bitmap 000001F272DE04D0, func 00007FFF473D12CB
dtor     D               dtor.c:196  _al_register_destructor          [   0.00863] added dtor for sub_bitmap 000001F272DDD650, func 00007FFF473D12CB
dtor     D               dtor.c:196  _al_register_destructor          [   0.00865] added dtor for sub_bitmap 000001F272DDD840, func 00007FFF473D12CB
dtor     D               dtor.c:196  _al_register_destructor          [   0.00867] added dtor for sub_bitmap 000001F272DDE000, func 00007FFF473D12CB
dtor     D               dtor.c:196  _al_register_destructor          [   0.00868] added dtor for sub_bitmap 000001F272DDE1F0, func 00007FFF473D12CB
dtor     D               dtor.c:196  _al_register_destructor          [   0.00870] added dtor for sub_bitmap 000001F272DDE3E0, func 00007FFF473D12CB
dtor     D               dtor.c:196  _al_register_destructor          [   0.00873] added dtor for sub_bitmap 000001F272DE20A0, func 00007FFF473D12CB
dtor     D               dtor.c:196  _al_register_destructor          [   0.00875] added dtor for sub_bitmap 000001F272DE3DB0, func 00007FFF473D12CB
dtor     D               dtor.c:196  _al_register_destructor          [   0.00877] added dtor for sub_bitmap 000001F272DE3FA0, func 00007FFF473D12CB
dtor     D               dtor.c:196  _al_register_destructor          [   0.00880] added dtor for sub_bitmap 000001F272DE37E0, func 00007FFF473D12CB
dtor     D               dtor.c:196  _al_register_destructor          [   0.00882] added dtor for sub_bitmap 000001F272DE3BC0, func 00007FFF473D12CB
dtor     D               dtor.c:196  _al_register_destructor          [   0.00885] added dtor for sub_bitmap 000001F272DE3210, func 00007FFF473D12CB
dtor     D               dtor.c:196  _al_register_destructor          [   0.00886] added dtor for sub_bitmap 000001F272DE4950, func 00007FFF473D12CB
dtor     D               dtor.c:196  _al_register_destructor          [   0.00888] added dtor for sub_bitmap 000001F272DE2E30, func 00007FFF473D12CB
dtor     D               dtor.c:196  _al_register_destructor          [   0.00890] added dtor for sub_bitmap 000001F272DE2860, func 00007FFF473D12CB
dtor     D               dtor.c:196  _al_register_destructor          [   0.00892] added dtor for sub_bitmap 000001F272DE4190, func 00007FFF473D12CB
dtor     D               dtor.c:196  _al_register_destructor          [   0.00894] added dtor for sub_bitmap 000001F272DE4380, func 00007FFF473D12CB
dtor     D               dtor.c:196  _al_register_destructor          [   0.00896] added dtor for sub_bitmap 000001F272DE4760, func 00007FFF473D12CB
dtor     D               dtor.c:196  _al_register_destructor          [   0.00898] added dtor for sub_bitmap 000001F272DE4D30, func 00007FFF473D12CB
dtor     D               dtor.c:196  _al_register_destructor          [   0.00900] added dtor for sub_bitmap 000001F272DE2670, func 00007FFF473D12CB
dtor     D               dtor.c:196  _al_register_destructor          [   0.00902] added dtor for sub_bitmap 000001F272DE2A50, func 00007FFF473D12CB
dtor     D               dtor.c:196  _al_register_destructor          [   0.00904] added dtor for sub_bitmap 000001F272DE3400, func 00007FFF473D12CB
dtor     D               dtor.c:196  _al_register_destructor          [   0.00905] added dtor for sub_bitmap 000001F272DE4570, func 00007FFF473D12CB
dtor     D               dtor.c:196  _al_register_destructor          [   0.00907] added dtor for sub_bitmap 000001F272DE35F0, func 00007FFF473D12CB
dtor     D               dtor.c:196  _al_register_destructor          [   0.00909] added dtor for sub_bitmap 000001F272DE54F0, func 00007FFF473D12CB
dtor     D               dtor.c:196  _al_register_destructor          [   0.00911] added dtor for sub_bitmap 000001F272DE4B40, func 00007FFF473D12CB
dtor     D               dtor.c:196  _al_register_destructor          [   0.00913] added dtor for sub_bitmap 000001F272DE58D0, func 00007FFF473D12CB
dtor     D               dtor.c:196  _al_register_destructor          [   0.00915] added dtor for sub_bitmap 000001F272DE2290, func 00007FFF473D12CB
dtor     D               dtor.c:196  _al_register_destructor          [   0.00917] added dtor for sub_bitmap 000001F272DE5CB0, func 00007FFF473D12CB
dtor     D               dtor.c:196  _al_register_destructor          [   0.00919] added dtor for sub_bitmap 000001F272DE39D0, func 00007FFF473D12CB
dtor     D               dtor.c:196  _al_register_destructor          [   0.00920] added dtor for sub_bitmap 000001F272DE4F20, func 00007FFF473D12CB
dtor     D               dtor.c:196  _al_register_destructor          [   0.00922] added dtor for sub_bitmap 000001F272DE2C40, func 00007FFF473D12CB
dtor     D               dtor.c:196  _al_register_destructor          [   0.00924] added dtor for sub_bitmap 000001F272DE5110, func 00007FFF473D12CB
dtor     D               dtor.c:196  _al_register_destructor          [   0.00926] added dtor for sub_bitmap 000001F272DE5AC0, func 00007FFF473D12CB
dtor     D               dtor.c:196  _al_register_destructor          [   0.00928] added dtor for sub_bitmap 000001F272DE5300, func 00007FFF473D12CB
dtor     D               dtor.c:196  _al_register_destructor          [   0.00930] added dtor for sub_bitmap 000001F272DE56E0, func 00007FFF473D12CB
dtor     D               dtor.c:196  _al_register_destructor          [   0.00931] added dtor for sub_bitmap 000001F272DE2480, func 00007FFF473D12CB
dtor     D               dtor.c:196  _al_register_destructor          [   0.00934] added dtor for sub_bitmap 000001F272DE3020, func 00007FFF473D12CB
dtor     D               dtor.c:196  _al_register_destructor          [   0.00938] added dtor for sub_bitmap 000001F272DEBB70, func 00007FFF473D12CB
dtor     D               dtor.c:196  _al_register_destructor          [   0.00940] added dtor for sub_bitmap 000001F272DEBD60, func 00007FFF473D12CB
dtor     D               dtor.c:196  _al_register_destructor          [   0.00942] added dtor for sub_bitmap 000001F272DEC710, func 00007FFF473D12CB
dtor     D               dtor.c:196  _al_register_destructor          [   0.00944] added dtor for sub_bitmap 000001F272DEADE0, func 00007FFF473D12CB
dtor     D               dtor.c:196  _al_register_destructor          [   0.00946] added dtor for sub_bitmap 000001F272DEA240, func 00007FFF473D12CB
dtor     D               dtor.c:196  _al_register_destructor          [   0.00948] added dtor for sub_bitmap 000001F272DE9A80, func 00007FFF473D12CB
dtor     D               dtor.c:196  _al_register_destructor          [   0.00950] added dtor for sub_bitmap 000001F272DE9C70, func 00007FFF473D12CB
dtor     D               dtor.c:196  _al_register_destructor          [   0.00952] added dtor for sub_bitmap 000001F272DE9E60, func 00007FFF473D12CB
dtor     D               dtor.c:196  _al_register_destructor          [   0.00954] added dtor for sub_bitmap 000001F272DEAA00, func 00007FFF473D12CB
dtor     D               dtor.c:196  _al_register_destructor          [   0.00955] added dtor for sub_bitmap 000001F272DEAFD0, func 00007FFF473D12CB
dtor     D               dtor.c:196  _al_register_destructor          [   0.00958] added dtor for sub_bitmap 000001F272DEB1C0, func 00007FFF473D12CB
dtor     D               dtor.c:196  _al_register_destructor          [   0.00960] added dtor for sub_bitmap 000001F272DEB5A0, func 00007FFF473D12CB
dtor     D               dtor.c:196  _al_register_destructor          [   0.00962] added dtor for sub_bitmap 000001F272DE90D0, func 00007FFF473D12CB
dtor     D               dtor.c:196  _al_register_destructor          [   0.00964] added dtor for sub_bitmap 000001F272DEC140, func 00007FFF473D12CB
dtor     D               dtor.c:196  _al_register_destructor          [   0.00965] added dtor for sub_bitmap 000001F272DEA810, func 00007FFF473D12CB
dtor     D               dtor.c:196  _al_register_destructor          [   0.00967] added dtor for sub_bitmap 000001F272DEBF50, func 00007FFF473D12CB
dtor     D               dtor.c:196  _al_register_destructor          [   0.00969] added dtor for sub_bitmap 000001F272DEA430, func 00007FFF473D12CB
dtor     D               dtor.c:196  _al_register_destructor          [   0.00971] added dtor for sub_bitmap 000001F272DEB3B0, func 00007FFF473D12CB
dtor     D               dtor.c:196  _al_register_destructor          [   0.00973] added dtor for sub_bitmap 000001F272DECCE0, func 00007FFF473D12CB
dtor     D               dtor.c:196  _al_register_destructor          [   0.00975] added dtor for sub_bitmap 000001F272DE92C0, func 00007FFF473D12CB
dtor     D               dtor.c:196  _al_register_destructor          [   0.00977] added dtor for sub_bitmap 000001F272DEB790, func 00007FFF473D12CB
dtor     D               dtor.c:196  _al_register_destructor          [   0.00979] added dtor for sub_bitmap 000001F272DECED0, func 00007FFF473D12CB
dtor     D               dtor.c:196  _al_register_destructor          [   0.00982] added dtor for sub_bitmap 000001F272DEB980, func 00007FFF473D12CB
dtor     D               dtor.c:196  _al_register_destructor          [   0.00984] added dtor for sub_bitmap 000001F272DEC330, func 00007FFF473D12CB
dtor     D               dtor.c:196  _al_register_destructor          [   0.00986] added dtor for sub_bitmap 000001F272DEC520, func 00007FFF473D12CB
dtor     D               dtor.c:196  _al_register_destructor          [   0.00987] added dtor for sub_bitmap 000001F272DEA050, func 00007FFF473D12CB
dtor     D               dtor.c:196  _al_register_destructor          [   0.00989] added dtor for sub_bitmap 000001F272DEC900, func 00007FFF473D12CB
dtor     D               dtor.c:196  _al_register_destructor          [   0.00991] added dtor for sub_bitmap 000001F272DECAF0, func 00007FFF473D12CB
dtor     D               dtor.c:196  _al_register_destructor          [   0.00993] added dtor for sub_bitmap 000001F272DED0C0, func 00007FFF473D12CB
dtor     D               dtor.c:196  _al_register_destructor          [   0.00995] added dtor for sub_bitmap 000001F272DED2B0, func 00007FFF473D12CB
dtor     D               dtor.c:196  _al_register_destructor          [   0.00997] added dtor for sub_bitmap 000001F272DED4A0, func 00007FFF473D12CB
dtor     D               dtor.c:196  _al_register_destructor          [   0.00999] added dtor for sub_bitmap 000001F272DE94B0, func 00007FFF473D12CB
dtor     D               dtor.c:196  _al_register_destructor          [   0.01001] added dtor for sub_bitmap 000001F272DEA620, func 00007FFF473D12CB
dtor     D               dtor.c:196  _al_register_destructor          [   0.01002] added dtor for sub_bitmap 000001F272DED690, func 00007FFF473D12CB
dtor     D               dtor.c:196  _al_register_destructor          [   0.01004] added dtor for sub_bitmap 000001F272DEABF0, func 00007FFF473D12CB
dtor     D               dtor.c:196  _al_register_destructor          [   0.01006] added dtor for sub_bitmap 000001F272DE96A0, func 00007FFF473D12CB
dtor     D               dtor.c:196  _al_register_destructor          [   0.01008] added dtor for sub_bitmap 000001F272DED880, func 00007FFF473D12CB
dtor     D               dtor.c:196  _al_register_destructor          [   0.01010] added dtor for sub_bitmap 000001F272DE9890, func 00007FFF473D12CB
dtor     D               dtor.c:196  _al_register_destructor          [   0.01011] added dtor for sub_bitmap 000001F272DF0510, func 00007FFF473D12CB
dtor     D               dtor.c:196  _al_register_destructor          [   0.01013] added dtor for sub_bitmap 000001F272DEF3A0, func 00007FFF473D12CB
dtor     D               dtor.c:196  _al_register_destructor          [   0.01015] added dtor for sub_bitmap 000001F272DEDA70, func 00007FFF473D12CB
dtor     D               dtor.c:196  _al_register_destructor          [   0.01017] added dtor for sub_bitmap 000001F272DEDE50, func 00007FFF473D12CB
dtor     D               dtor.c:227  _al_unregister_destructor        [   0.01020] removed dtor for bitmap 000001F272D25C70
dtor     D               dtor.c:196  _al_register_destructor          [   0.01026] added dtor for font 000001F272D44B70, func 00007FF85B5710E6
dtor     D               dtor.c:227  _al_unregister_destructor        [   0.01028] removed dtor for bitmap 000001F272D258F0
system   D            wsystem.c:836  maybe_parent_dir                 [   0.01052] Also searching C:\Users\franc\source\repos\Dravok\x64\
system   D            wsystem.c:891  _al_win_safe_load_library        [   0.01072] PathFindOnPath found: C:\WINDOWS\system32\d3d9.dll
system   D            wsystem.c:797  load_library_at_path             [   0.01075] Calling LoadLibrary C:\WINDOWS\system32\d3d9.dll
system   I            wsystem.c:800  load_library_at_path             [   0.01284] Loaded C:\WINDOWS\system32\d3d9.dll
system   D            wsystem.c:836  maybe_parent_dir                 [   0.01303] Also searching C:\Users\franc\source\repos\Dravok\x64\
system   D            wsystem.c:891  _al_win_safe_load_library        [   0.01318] PathFindOnPath found: C:\WINDOWS\system32\d3dx9_43.dll
system   D            wsystem.c:797  load_library_at_path             [   0.01320] Calling LoadLibrary C:\WINDOWS\system32\d3dx9_43.dll
system   I            wsystem.c:800  load_library_at_path             [   0.01409] Loaded C:\WINDOWS\system32\d3dx9_43.dll
d3dx9    I        d3d_d3dx9.cpp:88   _imp_load_d3dx9_module_version   [   0.01415] Module "d3dx9_43.dll" loaded.
d3d      I         d3d_disp.cpp:730  d3d_init_display                 [   0.10284] Render-to-texture: 1
d3d      I         d3d_disp.cpp:1865 d3d_create_display_locked        [   0.10617] faux_fullscreen=0
d3d      D         d3d_disp.cpp:1866 d3d_create_display_locked        [   0.10623] al_display=000001F274E25BF0
d3d      D         d3d_disp.cpp:1867 d3d_create_display_locked        [   0.10624] al_display->vt=000001F274E259D0
d3d      I d3d_display_formats.cpp:144  _al_d3d_generate_display_format_list [   0.11753] found 160 format combinations
display  D   display_settings.c:214  debug_display_settings           [   0.11760] color: 32 (rgba 8880), depth: 0, stencil: 0, acc: 0000, samples: 0/0
display  D   display_settings.c:529  _al_score_display_settings       [   0.11763] Score is : 897
display  D   display_settings.c:214  debug_display_settings           [   0.11764] color: 32 (rgba 8880), depth: 0, stencil: 0, acc: 0000, samples: 0/0
display  D   display_settings.c:529  _al_score_display_settings       [   0.11766] Score is : 897
display  D   display_settings.c:214  debug_display_settings           [   0.11767] color: 32 (rgba 8880), depth: 0, stencil: 0, acc: 0000, samples: 2/1
display  D   display_settings.c:529  _al_score_display_settings       [   0.11769] Score is : 726
display  D   display_settings.c:214  debug_display_settings           [   0.11771] color: 32 (rgba 8880), depth: 0, stencil: 0, acc: 0000, samples: 3/1
display  D   display_settings.c:529  _al_score_display_settings       [   0.11772] Score is : 721
display  D   display_settings.c:214  debug_display_settings           [   0.11774] color: 32 (rgba 8880), depth: 0, stencil: 0, acc: 0000, samples: 4/1
display  D   display_settings.c:529  _al_score_display_settings       [   0.11776] Score is : 717
display  D   display_settings.c:214  debug_display_settings           [   0.11777] color: 32 (rgba 8880), depth: 24, stencil: 8, acc: 0000, samples: 0/0
display  D   display_settings.c:529  _al_score_display_settings       [   0.11779] Score is : 897
display  D   display_settings.c:214  debug_display_settings           [   0.11781] color: 32 (rgba 8880), depth: 24, stencil: 8, acc: 0000, samples: 0/0
display  D   display_settings.c:529  _al_score_display_settings       [   0.11782] Score is : 897
display  D   display_settings.c:214  debug_display_settings           [   0.11784] color: 32 (rgba 8880), depth: 24, stencil: 8, acc: 0000, samples: 2/1
display  D   display_settings.c:529  _al_score_display_settings       [   0.11786] Score is : 726
display  D   display_settings.c:214  debug_display_settings           [   0.11788] color: 32 (rgba 8880), depth: 24, stencil: 8, acc: 0000, samples: 3/1
display  D   display_settings.c:529  _al_score_display_settings       [   0.11790] Score is : 721
display  D   display_settings.c:214  debug_display_settings           [   0.11791] color: 32 (rgba 8880), depth: 24, stencil: 8, acc: 0000, samples: 4/1
display  D   display_settings.c:529  _al_score_display_settings       [   0.11793] Score is : 717
display  D   display_settings.c:214  debug_display_settings           [   0.11794] color: 32 (rgba 8880), depth: 24, stencil: 0, acc: 0000, samples: 0/0
display  D   display_settings.c:529  _al_score_display_settings       [   0.11796] Score is : 897
display  D   display_settings.c:214  debug_display_settings           [   0.11797] color: 32 (rgba 8880), depth: 24, stencil: 0, acc: 0000, samples: 0/0
display  D   display_settings.c:529  _al_score_display_settings       [   0.11799] Score is : 897
display  D   display_settings.c:214  debug_display_settings           [   0.11800] color: 32 (rgba 8880), depth: 24, stencil: 0, acc: 0000, samples: 2/1
display  D   display_settings.c:529  _al_score_display_settings       [   0.11802] Score is : 726
display  D   display_settings.c:214  debug_display_settings           [   0.11803] color: 32 (rgba 8880), depth: 24, stencil: 0, acc: 0000, samples: 3/1
display  D   display_settings.c:529  _al_score_display_settings       [   0.11805] Score is : 721
display  D   display_settings.c:214  debug_display_settings           [   0.11807] color: 32 (rgba 8880), depth: 24, stencil: 0, acc: 0000, samples: 4/1
display  D   display_settings.c:529  _al_score_display_settings       [   0.11808] Score is : 717
display  D   display_settings.c:214  debug_display_settings           [   0.11810] color: 32 (rgba 8880), depth: 16, stencil: 0, acc: 0000, samples: 0/0
display  D   display_settings.c:529  _al_score_display_settings       [   0.11812] Score is : 897
display  D   display_settings.c:214  debug_display_settings           [   0.11813] color: 32 (rgba 8880), depth: 16, stencil: 0, acc: 0000, samples: 0/0
display  D   display_settings.c:529  _al_score_display_settings       [   0.11815] Score is : 897
display  D   display_settings.c:214  debug_display_settings           [   0.11816] color: 32 (rgba 8880), depth: 16, stencil: 0, acc: 0000, samples: 2/1
display  D   display_settings.c:529  _al_score_display_settings       [   0.11818] Score is : 726
display  D   display_settings.c:214  debug_display_settings           [   0.11819] color: 32 (rgba 8880), depth: 16, stencil: 0, acc: 0000, samples: 3/1
display  D   display_settings.c:529  _al_score_display_settings       [   0.11821] Score is : 721
display  D   display_settings.c:214  debug_display_settings           [   0.11822] color: 32 (rgba 8880), depth: 16, stencil: 0, acc: 0000, samples: 4/1
display  D   display_settings.c:529  _al_score_display_settings       [   0.11824] Score is : 717
display  D   display_settings.c:214  debug_display_settings           [   0.11825] color: 16 (rgba 5650), depth: 0, stencil: 0, acc: 0000, samples: 0/0
display  D   display_settings.c:529  _al_score_display_settings       [   0.11827] Score is : 897
display  D   display_settings.c:214  debug_display_settings           [   0.11828] color: 16 (rgba 5650), depth: 0, stencil: 0, acc: 0000, samples: 0/0
display  D   display_settings.c:529  _al_score_display_settings       [   0.11830] Score is : 897
display  D   display_settings.c:214  debug_display_settings           [   0.11831] color: 16 (rgba 5650), depth: 0, stencil: 0, acc: 0000, samples: 2/1
display  D   display_settings.c:529  _al_score_display_settings       [   0.11833] Score is : 726
display  D   display_settings.c:214  debug_display_settings           [   0.11834] color: 16 (rgba 5650), depth: 0, stencil: 0, acc: 0000, samples: 3/1
display  D   display_settings.c:529  _al_score_display_settings       [   0.11836] Score is : 721
display  D   display_settings.c:214  debug_display_settings           [   0.11838] color: 16 (rgba 5650), depth: 0, stencil: 0, acc: 0000, samples: 4/1
display  D   display_settings.c:529  _al_score_display_settings       [   0.11840] Score is : 717
display  D   display_settings.c:214  debug_display_settings           [   0.11841] color: 16 (rgba 5650), depth: 24, stencil: 8, acc: 0000, samples: 0/0
display  D   display_settings.c:529  _al_score_display_settings       [   0.11843] Score is : 897
display  D   display_settings.c:214  debug_display_settings           [   0.11844] color: 16 (rgba 5650), depth: 24, stencil: 8, acc: 0000, samples: 0/0
display  D   display_settings.c:529  _al_score_display_settings       [   0.11846] Score is : 897
display  D   display_settings.c:214  debug_display_settings           [   0.11847] color: 16 (rgba 5650), depth: 24, stencil: 8, acc: 0000, samples: 2/1
display  D   display_settings.c:529  _al_score_display_settings       [   0.11849] Score is : 726
display  D   display_settings.c:214  debug_display_settings           [   0.11850] color: 16 (rgba 5650), depth: 24, stencil: 8, acc: 0000, samples: 3/1
display  D   display_settings.c:529  _al_score_display_settings       [   0.11852] Score is : 721
display  D   display_settings.c:214  debug_display_settings           [   0.11853] color: 16 (rgba 5650), depth: 24, stencil: 8, acc: 0000, samples: 4/1
display  D   display_settings.c:529  _al_score_display_settings       [   0.11855] Score is : 717
display  D   display_settings.c:214  debug_display_settings           [   0.11856] color: 16 (rgba 5650), depth: 24, stencil: 0, acc: 0000, samples: 0/0
display  D   display_settings.c:529  _al_score_display_settings       [   0.11858] Score is : 897
display  D   display_settings.c:214  debug_display_settings           [   0.11860] color: 16 (rgba 5650), depth: 24, stencil: 0, acc: 0000, samples: 0/0
display  D   display_settings.c:529  _al_score_display_settings       [   0.11861] Score is : 897
display  D   display_settings.c:214  debug_display_settings           [   0.11863] color: 16 (rgba 5650), depth: 24, stencil: 0, acc: 0000, samples: 2/1
display  D   display_settings.c:529  _al_score_display_settings       [   0.11865] Score is : 726
display  D   display_settings.c:214  debug_display_settings           [   0.11866] color: 16 (rgba 5650), depth: 24, stencil: 0, acc: 0000, samples: 3/1
display  D   display_settings.c:529  _al_score_display_settings       [   0.11868] Score is : 721
display  D   display_settings.c:214  debug_display_settings           [   0.11869] color: 16 (rgba 5650), depth: 24, stencil: 0, acc: 0000, samples: 4/1
display  D   display_settings.c:529  _al_score_display_settings       [   0.11871] Score is : 717
display  D   display_settings.c:214  debug_display_settings           [   0.11872] color: 16 (rgba 5650), depth: 16, stencil: 0, acc: 0000, samples: 0/0
display  D   display_settings.c:529  _al_score_display_settings       [   0.11874] Score is : 897
display  D   display_settings.c:214  debug_display_settings           [   0.11875] color: 16 (rgba 5650), depth: 16, stencil: 0, acc: 0000, samples: 0/0
display  D   display_settings.c:529  _al_score_display_settings       [   0.11886] Score is : 897
display  D   display_settings.c:214  debug_display_settings           [   0.11888] color: 16 (rgba 5650), depth: 16, stencil: 0, acc: 0000, samples: 2/1
display  D   display_settings.c:529  _al_score_display_settings       [   0.11890] Score is : 726
display  D   display_settings.c:214  debug_display_settings           [   0.11891] color: 16 (rgba 5650), depth: 16, stencil: 0, acc: 0000, samples: 3/1
display  D   display_settings.c:529  _al_score_display_settings       [   0.11893] Score is : 721
display  D   display_settings.c:214  debug_display_settings           [   0.11894] color: 16 (rgba 5650), depth: 16, stencil: 0, acc: 0000, samples: 4/1
display  D   display_settings.c:529  _al_score_display_settings       [   0.11896] Score is : 717
display  D   display_settings.c:214  debug_display_settings           [   0.11897] color: 32 (rgba 8880), depth: 0, stencil: 0, acc: 0000, samples: 0/0
display  D   display_settings.c:400  _al_score_display_settings       [   0.11899] Single Buffer requirement not met.
display  D   display_settings.c:214  debug_display_settings           [   0.11900] color: 32 (rgba 8880), depth: 0, stencil: 0, acc: 0000, samples: 0/0
display  D   display_settings.c:400  _al_score_display_settings       [   0.11902] Single Buffer requirement not met.
display  D   display_settings.c:214  debug_display_settings           [   0.11904] color: 32 (rgba 8880), depth: 0, stencil: 0, acc: 0000, samples: 2/1
display  D   display_settings.c:400  _al_score_display_settings       [   0.11905] Single Buffer requirement not met.
display  D   display_settings.c:214  debug_display_settings           [   0.11907] color: 32 (rgba 8880), depth: 0, stencil: 0, acc: 0000, samples: 3/1
display  D   display_settings.c:400  _al_score_display_settings       [   0.11908] Single Buffer requirement not met.
display  D   display_settings.c:214  debug_display_settings           [   0.11914] color: 32 (rgba 8880), depth: 0, stencil: 0, acc: 0000, samples: 4/1
display  D   display_settings.c:400  _al_score_display_settings       [   0.11916] Single Buffer requirement not met.
display  D   display_settings.c:214  debug_display_settings           [   0.11917] color: 32 (rgba 8880), depth: 24, stencil: 8, acc: 0000, samples: 0/0
display  D   display_settings.c:400  _al_score_display_settings       [   0.11919] Single Buffer requirement not met.
display  D   display_settings.c:214  debug_display_settings           [   0.11920] color: 32 (rgba 8880), depth: 24, stencil: 8, acc: 0000, samples: 0/0
display  D   display_settings.c:400  _al_score_display_settings       [   0.11922] Single Buffer requirement not met.
display  D   display_settings.c:214  debug_display_settings           [   0.11923] color: 32 (rgba 8880), depth: 24, stencil: 8, acc: 0000, samples: 2/1
display  D   display_settings.c:400  _al_score_display_settings       [   0.11925] Single Buffer requirement not met.
display  D   display_settings.c:214  debug_display_settings           [   0.11927] color: 32 (rgba 8880), depth: 24, stencil: 8, acc: 0000, samples: 3/1
display  D   display_settings.c:400  _al_score_display_settings       [   0.11928] Single Buffer requirement not met.
display  D   display_settings.c:214  debug_display_settings           [   0.11930] color: 32 (rgba 8880), depth: 24, stencil: 8, acc: 0000, samples: 4/1
display  D   display_settings.c:400  _al_score_display_settings       [   0.11931] Single Buffer requirement not met.
display  D   display_settings.c:214  debug_display_settings           [   0.11933] color: 32 (rgba 8880), depth: 24, stencil: 0, acc: 0000, samples: 0/0
display  D   display_settings.c:400  _al_score_display_settings       [   0.11935] Single Buffer requirement not met.
display  D   display_settings.c:214  debug_display_settings           [   0.11936] color: 32 (rgba 8880), depth: 24, stencil: 0, acc: 0000, samples: 0/0
display  D   display_settings.c:400  _al_score_display_settings       [   0.11938] Single Buffer requirement not met.
display  D   display_settings.c:214  debug_display_settings           [   0.11939] color: 32 (rgba 8880), depth: 24, stencil: 0, acc: 0000, samples: 2/1
display  D   display_settings.c:400  _al_score_display_settings       [   0.11941] Single Buffer requirement not met.
display  D   display_settings.c:214  debug_display_settings           [   0.11943] color: 32 (rgba 8880), depth: 24, stencil: 0, acc: 0000, samples: 3/1
display  D   display_settings.c:400  _al_score_display_settings       [   0.11944] Single Buffer requirement not met.
display  D   display_settings.c:214  debug_display_settings           [   0.11946] color: 32 (rgba 8880), depth: 24, stencil: 0, acc: 0000, samples: 4/1
display  D   display_settings.c:400  _al_score_display_settings       [   0.11948] Single Buffer requirement not met.
display  D   display_settings.c:214  debug_display_settings           [   0.11965] color: 32 (rgba 8880), depth: 16, stencil: 0, acc: 0000, samples: 0/0
display  D   display_settings.c:400  _al_score_display_settings       [   0.11967] Single Buffer requirement not met.
display  D   display_settings.c:214  debug_display_settings           [   0.11969] color: 32 (rgba 8880), depth: 16, stencil: 0, acc: 0000, samples: 0/0
display  D   display_settings.c:400  _al_score_display_settings       [   0.11971] Single Buffer requirement not met.
display  D   display_settings.c:214  debug_display_settings           [   0.11972] color: 32 (rgba 8880), depth: 16, stencil: 0, acc: 0000, samples: 2/1
display  D   display_settings.c:400  _al_score_display_settings       [   0.11974] Single Buffer requirement not met.
display  D   display_settings.c:214  debug_display_settings           [   0.11975] color: 32 (rgba 8880), depth: 16, stencil: 0, acc: 0000, samples: 3/1
display  D   display_settings.c:400  _al_score_display_settings       [   0.11984] Single Buffer requirement not met.
display  D   display_settings.c:214  debug_display_settings           [   0.11988] color: 32 (rgba 8880), depth: 16, stencil: 0, acc: 0000, samples: 4/1
display  D   display_settings.c:400  _al_score_display_settings       [   0.11990] Single Buffer requirement not met.
display  D   display_settings.c:214  debug_display_settings           [   0.11992] color: 16 (rgba 5650), depth: 0, stencil: 0, acc: 0000, samples: 0/0
display  D   display_settings.c:400  _al_score_display_settings       [   0.11995] Single Buffer requirement not met.
display  D   display_settings.c:214  debug_display_settings           [   0.11996] color: 16 (rgba 5650), depth: 0, stencil: 0, acc: 0000, samples: 0/0
display  D   display_settings.c:400  _al_score_display_settings       [   0.11999] Single Buffer requirement not met.
display  D   display_settings.c:214  debug_display_settings           [   0.12001] color: 16 (rgba 5650), depth: 0, stencil: 0, acc: 0000, samples: 2/1
display  D   display_settings.c:400  _al_score_display_settings       [   0.12003] Single Buffer requirement not met.
display  D   display_settings.c:214  debug_display_settings           [   0.12005] color: 16 (rgba 5650), depth: 0, stencil: 0, acc: 0000, samples: 3/1
display  D   display_settings.c:400  _al_score_display_settings       [   0.12007] Single Buffer requirement not met.
display  D   display_settings.c:214  debug_display_settings           [   0.12009] color: 16 (rgba 5650), depth: 0, stencil: 0, acc: 0000, samples: 4/1
display  D   display_settings.c:400  _al_score_display_settings       [   0.12011] Single Buffer requirement not met.
display  D   display_settings.c:214  debug_display_settings           [   0.12013] color: 16 (rgba 5650), depth: 24, stencil: 8, acc: 0000, samples: 0/0
display  D   display_settings.c:400  _al_score_display_settings       [   0.12015] Single Buffer requirement not met.
display  D   display_settings.c:214  debug_display_settings           [   0.12016] color: 16 (rgba 5650), depth: 24, stencil: 8, acc: 0000, samples: 0/0
display  D   display_settings.c:400  _al_score_display_settings       [   0.12018] Single Buffer requirement not met.
display  D   display_settings.c:214  debug_display_settings           [   0.12019] color: 16 (rgba 5650), depth: 24, stencil: 8, acc: 0000, samples: 2/1
display  D   display_settings.c:400  _al_score_display_settings       [   0.12021] Single Buffer requirement not met.
display  D   display_settings.c:214  debug_display_settings           [   0.12023] color: 16 (rgba 5650), depth: 24, stencil: 8, acc: 0000, samples: 3/1
display  D   display_settings.c:400  _al_score_display_settings       [   0.12024] Single Buffer requirement not met.
display  D   display_settings.c:214  debug_display_settings           [   0.12026] color: 16 (rgba 5650), depth: 24, stencil: 8, acc: 0000, samples: 4/1
display  D   display_settings.c:400  _al_score_display_settings       [   0.12028] Single Buffer requirement not met.
display  D   display_settings.c:214  debug_display_settings           [   0.12030] color: 16 (rgba 5650), depth: 24, stencil: 0, acc: 0000, samples: 0/0
display  D   display_settings.c:400  _al_score_display_settings       [   0.12032] Single Buffer requirement not met.
display  D   display_settings.c:214  debug_display_settings           [   0.12033] color: 16 (rgba 5650), depth: 24, stencil: 0, acc: 0000, samples: 0/0
display  D   display_settings.c:400  _al_score_display_settings       [   0.12035] Single Buffer requirement not met.
display  D   display_settings.c:214  debug_display_settings           [   0.12036] color: 16 (rgba 5650), depth: 24, stencil: 0, acc: 0000, samples: 2/1
display  D   display_settings.c:400  _al_score_display_settings       [   0.12038] Single Buffer requirement not met.
display  D   display_settings.c:214  debug_display_settings           [   0.12040] color: 16 (rgba 5650), depth: 24, stencil: 0, acc: 0000, samples: 3/1
display  D   display_settings.c:400  _al_score_display_settings       [   0.12041] Single Buffer requirement not met.
display  D   display_settings.c:214  debug_display_settings           [   0.12043] color: 16 (rgba 5650), depth: 24, stencil: 0, acc: 0000, samples: 4/1
display  D   display_settings.c:400  _al_score_display_settings       [   0.12045] Single Buffer requirement not met.
display  D   display_settings.c:214  debug_display_settings           [   0.12046] color: 16 (rgba 5650), depth: 16, stencil: 0, acc: 0000, samples: 0/0
display  D   display_settings.c:400  _al_score_display_settings       [   0.12048] Single Buffer requirement not met.
display  D   display_settings.c:214  debug_display_settings           [   0.12049] color: 16 (rgba 5650), depth: 16, stencil: 0, acc: 0000, samples: 0/0
display  D   display_settings.c:400  _al_score_display_settings       [   0.12052] Single Buffer requirement not met.
display  D   display_settings.c:214  debug_display_settings           [   0.12053] color: 16 (rgba 5650), depth: 16, stencil: 0, acc: 0000, samples: 2/1
display  D   display_settings.c:400  _al_score_display_settings       [   0.12055] Single Buffer requirement not met.
display  D   display_settings.c:214  debug_display_settings           [   0.12057] color: 16 (rgba 5650), depth: 16, stencil: 0, acc: 0000, samples: 3/1
display  D   display_settings.c:400  _al_score_display_settings       [   0.12059] Single Buffer requirement not met.
display  D   display_settings.c:214  debug_display_settings           [   0.12060] color: 16 (rgba 5650), depth: 16, stencil: 0, acc: 0000, samples: 4/1
display  D   display_settings.c:400  _al_score_display_settings       [   0.12062] Single Buffer requirement not met.
display  D   display_settings.c:214  debug_display_settings           [   0.12064] color: 32 (rgba 8880), depth: 0, stencil: 0, acc: 0000, samples: 0/0
display  D   display_settings.c:529  _al_score_display_settings       [   0.12066] Score is : 769
display  D   display_settings.c:214  debug_display_settings           [   0.12069] color: 32 (rgba 8880), depth: 0, stencil: 0, acc: 0000, samples: 0/0
display  D   display_settings.c:529  _al_score_display_settings       [   0.12071] Score is : 769
display  D   display_settings.c:214  debug_display_settings           [   0.12073] color: 32 (rgba 8880), depth: 0, stencil: 0, acc: 0000, samples: 2/1
display  D   display_settings.c:529  _al_score_display_settings       [   0.12077] Score is : 598
display  D   display_settings.c:214  debug_display_settings           [   0.12079] color: 32 (rgba 8880), depth: 0, stencil: 0, acc: 0000, samples: 3/1
display  D   display_settings.c:529  _al_score_display_settings       [   0.12081] Score is : 593
display  D   display_settings.c:214  debug_display_settings           [   0.12084] color: 32 (rgba 8880), depth: 0, stencil: 0, acc: 0000, samples: 4/1
display  D   display_settings.c:529  _al_score_display_settings       [   0.12086] Score is : 589
display  D   display_settings.c:214  debug_display_settings           [   0.12088] color: 32 (rgba 8880), depth: 24, stencil: 8, acc: 0000, samples: 0/0
display  D   display_settings.c:529  _al_score_display_settings       [   0.12091] Score is : 769
display  D   display_settings.c:214  debug_display_settings           [   0.12093] color: 32 (rgba 8880), depth: 24, stencil: 8, acc: 0000, samples: 0/0
display  D   display_settings.c:529  _al_score_display_settings       [   0.12096] Score is : 769
display  D   display_settings.c:214  debug_display_settings           [   0.12098] color: 32 (rgba 8880), depth: 24, stencil: 8, acc: 0000, samples: 2/1
display  D   display_settings.c:529  _al_score_display_settings       [   0.12100] Score is : 598
display  D   display_settings.c:214  debug_display_settings           [   0.12102] color: 32 (rgba 8880), depth: 24, stencil: 8, acc: 0000, samples: 3/1
display  D   display_settings.c:529  _al_score_display_settings       [   0.12105] Score is : 593
display  D   display_settings.c:214  debug_display_settings           [   0.12106] color: 32 (rgba 8880), depth: 24, stencil: 8, acc: 0000, samples: 4/1
display  D   display_settings.c:529  _al_score_display_settings       [   0.12109] Score is : 589
display  D   display_settings.c:214  debug_display_settings           [   0.12111] color: 32 (rgba 8880), depth: 24, stencil: 0, acc: 0000, samples: 0/0
display  D   display_settings.c:529  _al_score_display_settings       [   0.12113] Score is : 769
display  D   display_settings.c:214  debug_display_settings           [   0.12114] color: 32 (rgba 8880), depth: 24, stencil: 0, acc: 0000, samples: 0/0
display  D   display_settings.c:529  _al_score_display_settings       [   0.12121] Score is : 769
display  D   display_settings.c:214  debug_display_settings           [   0.12127] color: 32 (rgba 8880), depth: 24, stencil: 0, acc: 0000, samples: 2/1
display  D   display_settings.c:529  _al_score_display_settings       [   0.12130] Score is : 598
display  D   display_settings.c:214  debug_display_settings           [   0.12132] color: 32 (rgba 8880), depth: 24, stencil: 0, acc: 0000, samples: 3/1
display  D   display_settings.c:529  _al_score_display_settings       [   0.12134] Score is : 593
display  D   display_settings.c:214  debug_display_settings           [   0.12136] color: 32 (rgba 8880), depth: 24, stencil: 0, acc: 0000, samples: 4/1
display  D   display_settings.c:529  _al_score_display_settings       [   0.12138] Score is : 589
display  D   display_settings.c:214  debug_display_settings           [   0.12140] color: 32 (rgba 8880), depth: 16, stencil: 0, acc: 0000, samples: 0/0
display  D   display_settings.c:529  _al_score_display_settings       [   0.12142] Score is : 769
display  D   display_settings.c:214  debug_display_settings           [   0.12144] color: 32 (rgba 8880), depth: 16, stencil: 0, acc: 0000, samples: 0/0
display  D   display_settings.c:529  _al_score_display_settings       [   0.12148] Score is : 769
display  D   display_settings.c:214  debug_display_settings           [   0.12149] color: 32 (rgba 8880), depth: 16, stencil: 0, acc: 0000, samples: 2/1
display  D   display_settings.c:529  _al_score_display_settings       [   0.12152] Score is : 598
display  D   display_settings.c:214  debug_display_settings           [   0.12153] color: 32 (rgba 8880), depth: 16, stencil: 0, acc: 0000, samples: 3/1
display  D   display_settings.c:529  _al_score_display_settings       [   0.12156] Score is : 593
display  D   display_settings.c:214  debug_display_settings           [   0.12157] color: 32 (rgba 8880), depth: 16, stencil: 0, acc: 0000, samples: 4/1
display  D   display_settings.c:529  _al_score_display_settings       [   0.12160] Score is : 589
display  D   display_settings.c:214  debug_display_settings           [   0.12161] color: 16 (rgba 5650), depth: 0, stencil: 0, acc: 0000, samples: 0/0
display  D   display_settings.c:529  _al_score_display_settings       [   0.12163] Score is : 769
display  D   display_settings.c:214  debug_display_settings           [   0.12165] color: 16 (rgba 5650), depth: 0, stencil: 0, acc: 0000, samples: 0/0
display  D   display_settings.c:529  _al_score_display_settings       [   0.12168] Score is : 769
display  D   display_settings.c:214  debug_display_settings           [   0.12170] color: 16 (rgba 5650), depth: 0, stencil: 0, acc: 0000, samples: 2/1
display  D   display_settings.c:529  _al_score_display_settings       [   0.12172] Score is : 598
display  D   display_settings.c:214  debug_display_settings           [   0.12174] color: 16 (rgba 5650), depth: 0, stencil: 0, acc: 0000, samples: 3/1
display  D   display_settings.c:529  _al_score_display_settings       [   0.12176] Score is : 593
display  D   display_settings.c:214  debug_display_settings           [   0.12178] color: 16 (rgba 5650), depth: 0, stencil: 0, acc: 0000, samples: 4/1
display  D   display_settings.c:529  _al_score_display_settings       [   0.12180] Score is : 589
display  D   display_settings.c:214  debug_display_settings           [   0.12181] color: 16 (rgba 5650), depth: 24, stencil: 8, acc: 0000, samples: 0/0
display  D   display_settings.c:529  _al_score_display_settings       [   0.12183] Score is : 769
display  D   display_settings.c:214  debug_display_settings           [   0.12184] color: 16 (rgba 5650), depth: 24, stencil: 8, acc: 0000, samples: 0/0
display  D   display_settings.c:529  _al_score_display_settings       [   0.12186] Score is : 769
display  D   display_settings.c:214  debug_display_settings           [   0.12187] color: 16 (rgba 5650), depth: 24, stencil: 8, acc: 0000, samples: 2/1
display  D   display_settings.c:529  _al_score_display_settings       [   0.12189] Score is : 598
display  D   display_settings.c:214  debug_display_settings           [   0.12190] color: 16 (rgba 5650), depth: 24, stencil: 8, acc: 0000, samples: 3/1
display  D   display_settings.c:529  _al_score_display_settings       [   0.12192] Score is : 593
display  D   display_settings.c:214  debug_display_settings           [   0.12193] color: 16 (rgba 5650), depth: 24, stencil: 8, acc: 0000, samples: 4/1
display  D   display_settings.c:529  _al_score_display_settings       [   0.12195] Score is : 589
display  D   display_settings.c:214  debug_display_settings           [   0.12196] color: 16 (rgba 5650), depth: 24, stencil: 0, acc: 0000, samples: 0/0
display  D   display_settings.c:529  _al_score_display_settings       [   0.12198] Score is : 769
display  D   display_settings.c:214  debug_display_settings           [   0.12199] color: 16 (rgba 5650), depth: 24, stencil: 0, acc: 0000, samples: 0/0
display  D   display_settings.c:529  _al_score_display_settings       [   0.12201] Score is : 769
display  D   display_settings.c:214  debug_display_settings           [   0.12202] color: 16 (rgba 5650), depth: 24, stencil: 0, acc: 0000, samples: 2/1
display  D   display_settings.c:529  _al_score_display_settings       [   0.12204] Score is : 598
display  D   display_settings.c:214  debug_display_settings           [   0.12205] color: 16 (rgba 5650), depth: 24, stencil: 0, acc: 0000, samples: 3/1
display  D   display_settings.c:529  _al_score_display_settings       [   0.12207] Score is : 593
display  D   display_settings.c:214  debug_display_settings           [   0.12208] color: 16 (rgba 5650), depth: 24, stencil: 0, acc: 0000, samples: 4/1
display  D   display_settings.c:529  _al_score_display_settings       [   0.12210] Score is : 589
display  D   display_settings.c:214  debug_display_settings           [   0.12211] color: 16 (rgba 5650), depth: 16, stencil: 0, acc: 0000, samples: 0/0
display  D   display_settings.c:529  _al_score_display_settings       [   0.12213] Score is : 769
display  D   display_settings.c:214  debug_display_settings           [   0.12214] color: 16 (rgba 5650), depth: 16, stencil: 0, acc: 0000, samples: 0/0
display  D   display_settings.c:529  _al_score_display_settings       [   0.12217] Score is : 769
display  D   display_settings.c:214  debug_display_settings           [   0.12218] color: 16 (rgba 5650), depth: 16, stencil: 0, acc: 0000, samples: 2/1
display  D   display_settings.c:529  _al_score_display_settings       [   0.12220] Score is : 598
display  D   display_settings.c:214  debug_display_settings           [   0.12223] color: 16 (rgba 5650), depth: 16, stencil: 0, acc: 0000, samples: 3/1
display  D   display_settings.c:529  _al_score_display_settings       [   0.12225] Score is : 593
display  D   display_settings.c:214  debug_display_settings           [   0.12227] color: 16 (rgba 5650), depth: 16, stencil: 0, acc: 0000, samples: 4/1
display  D   display_settings.c:529  _al_score_display_settings       [   0.12229] Score is : 589
display  D   display_settings.c:214  debug_display_settings           [   0.12231] color: 32 (rgba 8880), depth: 0, stencil: 0, acc: 0000, samples: 0/0
display  D   display_settings.c:400  _al_score_display_settings       [   0.12234] Single Buffer requirement not met.
display  D   display_settings.c:214  debug_display_settings           [   0.12235] color: 32 (rgba 8880), depth: 0, stencil: 0, acc: 0000, samples: 0/0
display  D   display_settings.c:400  _al_score_display_settings       [   0.12238] Single Buffer requirement not met.
display  D   display_settings.c:214  debug_display_settings           [   0.12240] color: 32 (rgba 8880), depth: 0, stencil: 0, acc: 0000, samples: 2/1
display  D   display_settings.c:400  _al_score_display_settings       [   0.12242] Single Buffer requirement not met.
display  D   display_settings.c:214  debug_display_settings           [   0.12244] color: 32 (rgba 8880), depth: 0, stencil: 0, acc: 0000, samples: 3/1
display  D   display_settings.c:400  _al_score_display_settings       [   0.12246] Single Buffer requirement not met.
display  D   display_settings.c:214  debug_display_settings           [   0.12248] color: 32 (rgba 8880), depth: 0, stencil: 0, acc: 0000, samples: 4/1
display  D   display_settings.c:400  _al_score_display_settings       [   0.12250] Single Buffer requirement not met.
display  D   display_settings.c:214  debug_display_settings           [   0.12252] color: 32 (rgba 8880), depth: 24, stencil: 8, acc: 0000, samples: 0/0
display  D   display_settings.c:400  _al_score_display_settings       [   0.12255] Single Buffer requirement not met.
display  D   display_settings.c:214  debug_display_settings           [   0.12257] color: 32 (rgba 8880), depth: 24, stencil: 8, acc: 0000, samples: 0/0
display  D   display_settings.c:400  _al_score_display_settings       [   0.12259] Single Buffer requirement not met.
display  D   display_settings.c:214  debug_display_settings           [   0.12261] color: 32 (rgba 8880), depth: 24, stencil: 8, acc: 0000, samples: 2/1
display  D   display_settings.c:400  _al_score_display_settings       [   0.12263] Single Buffer requirement not met.
display  D   display_settings.c:214  debug_display_settings           [   0.12265] color: 32 (rgba 8880), depth: 24, stencil: 8, acc: 0000, samples: 3/1
display  D   display_settings.c:400  _al_score_display_settings       [   0.12267] Single Buffer requirement not met.
display  D   display_settings.c:214  debug_display_settings           [   0.12269] color: 32 (rgba 8880), depth: 24, stencil: 8, acc: 0000, samples: 4/1
display  D   display_settings.c:400  _al_score_display_settings       [   0.12272] Single Buffer requirement not met.
display  D   display_settings.c:214  debug_display_settings           [   0.12274] color: 32 (rgba 8880), depth: 24, stencil: 0, acc: 0000, samples: 0/0
display  D   display_settings.c:400  _al_score_display_settings       [   0.12276] Single Buffer requirement not met.
display  D   display_settings.c:214  debug_display_settings           [   0.12278] color: 32 (rgba 8880), depth: 24, stencil: 0, acc: 0000, samples: 0/0
display  D   display_settings.c:400  _al_score_display_settings       [   0.12280] Single Buffer requirement not met.
display  D   display_settings.c:214  debug_display_settings           [   0.12282] color: 32 (rgba 8880), depth: 24, stencil: 0, acc: 0000, samples: 2/1
display  D   display_settings.c:400  _al_score_display_settings       [   0.12285] Single Buffer requirement not met.
display  D   display_settings.c:214  debug_display_settings           [   0.12287] color: 32 (rgba 8880), depth: 24, stencil: 0, acc: 0000, samples: 3/1
display  D   display_settings.c:400  _al_score_display_settings       [   0.12289] Single Buffer requirement not met.
display  D   display_settings.c:214  debug_display_settings           [   0.12291] color: 32 (rgba 8880), depth: 24, stencil: 0, acc: 0000, samples: 4/1
display  D   display_settings.c:400  _al_score_display_settings       [   0.12293] Single Buffer requirement not met.
display  D   display_settings.c:214  debug_display_settings           [   0.12295] color: 32 (rgba 8880), depth: 16, stencil: 0, acc: 0000, samples: 0/0
display  D   display_settings.c:400  _al_score_display_settings       [   0.12298] Single Buffer requirement not met.
display  D   display_settings.c:214  debug_display_settings           [   0.12300] color: 32 (rgba 8880), depth: 16, stencil: 0, acc: 0000, samples: 0/0
display  D   display_settings.c:400  _al_score_display_settings       [   0.12302] Single Buffer requirement not met.
display  D   display_settings.c:214  debug_display_settings           [   0.12304] color: 32 (rgba 8880), depth: 16, stencil: 0, acc: 0000, samples: 2/1
display  D   display_settings.c:400  _al_score_display_settings       [   0.12306] Single Buffer requirement not met.
display  D   display_settings.c:214  debug_display_settings           [   0.12308] color: 32 (rgba 8880), depth: 16, stencil: 0, acc: 0000, samples: 3/1
display  D   display_settings.c:400  _al_score_display_settings       [   0.12310] Single Buffer requirement not met.
display  D   display_settings.c:214  debug_display_settings           [   0.12312] color: 32 (rgba 8880), depth: 16, stencil: 0, acc: 0000, samples: 4/1
display  D   display_settings.c:400  _al_score_display_settings       [   0.12314] Single Buffer requirement not met.
display  D   display_settings.c:214  debug_display_settings           [   0.12316] color: 16 (rgba 5650), depth: 0, stencil: 0, acc: 0000, samples: 0/0
display  D   display_settings.c:400  _al_score_display_settings       [   0.12318] Single Buffer requirement not met.
display  D   display_settings.c:214  debug_display_settings           [   0.12320] color: 16 (rgba 5650), depth: 0, stencil: 0, acc: 0000, samples: 0/0
display  D   display_settings.c:400  _al_score_display_settings       [   0.12322] Single Buffer requirement not met.
display  D   display_settings.c:214  debug_display_settings           [   0.12324] color: 16 (rgba 5650), depth: 0, stencil: 0, acc: 0000, samples: 2/1
display  D   display_settings.c:400  _al_score_display_settings       [   0.12328] Single Buffer requirement not met.
display  D   display_settings.c:214  debug_display_settings           [   0.12330] color: 16 (rgba 5650), depth: 0, stencil: 0, acc: 0000, samples: 3/1
display  D   display_settings.c:400  _al_score_display_settings       [   0.12332] Single Buffer requirement not met.
display  D   display_settings.c:214  debug_display_settings           [   0.12334] color: 16 (rgba 5650), depth: 0, stencil: 0, acc: 0000, samples: 4/1
display  D   display_settings.c:400  _al_score_display_settings       [   0.12336] Single Buffer requirement not met.
display  D   display_settings.c:214  debug_display_settings           [   0.12338] color: 16 (rgba 5650), depth: 24, stencil: 8, acc: 0000, samples: 0/0
display  D   display_settings.c:400  _al_score_display_settings       [   0.12341] Single Buffer requirement not met.
display  D   display_settings.c:214  debug_display_settings           [   0.12343] color: 16 (rgba 5650), depth: 24, stencil: 8, acc: 0000, samples: 0/0
display  D   display_settings.c:400  _al_score_display_settings       [   0.12345] Single Buffer requirement not met.
display  D   display_settings.c:214  debug_display_settings           [   0.12347] color: 16 (rgba 5650), depth: 24, stencil: 8, acc: 0000, samples: 2/1
display  D   display_settings.c:400  _al_score_display_settings       [   0.12349] Single Buffer requirement not met.
display  D   display_settings.c:214  debug_display_settings           [   0.12351] color: 16 (rgba 5650), depth: 24, stencil: 8, acc: 0000, samples: 3/1
display  D   display_settings.c:400  _al_score_display_settings       [   0.12354] Single Buffer requirement not met.
display  D   display_settings.c:214  debug_display_settings           [   0.12356] color: 16 (rgba 5650), depth: 24, stencil: 8, acc: 0000, samples: 4/1
display  D   display_settings.c:400  _al_score_display_settings       [   0.12358] Single Buffer requirement not met.
display  D   display_settings.c:214  debug_display_settings           [   0.12360] color: 16 (rgba 5650), depth: 24, stencil: 0, acc: 0000, samples: 0/0
display  D   display_settings.c:400  _al_score_display_settings       [   0.12362] Single Buffer requirement not met.
display  D   display_settings.c:214  debug_display_settings           [   0.12364] color: 16 (rgba 5650), depth: 24, stencil: 0, acc: 0000, samples: 0/0
display  D   display_settings.c:400  _al_score_display_settings       [   0.12367] Single Buffer requirement not met.
display  D   display_settings.c:214  debug_display_settings           [   0.12368] color: 16 (rgba 5650), depth: 24, stencil: 0, acc: 0000, samples: 2/1
display  D   display_settings.c:400  _al_score_display_settings       [   0.12371] Single Buffer requirement not met.
display  D   display_settings.c:214  debug_display_settings           [   0.12373] color: 16 (rgba 5650), depth: 24, stencil: 0, acc: 0000, samples: 3/1
display  D   display_settings.c:400  _al_score_display_settings       [   0.12375] Single Buffer requirement not met.
display  D   display_settings.c:214  debug_display_settings           [   0.12377] color: 16 (rgba 5650), depth: 24, stencil: 0, acc: 0000, samples: 4/1
display  D   display_settings.c:400  _al_score_display_settings       [   0.12379] Single Buffer requirement not met.
display  D   display_settings.c:214  debug_display_settings           [   0.12381] color: 16 (rgba 5650), depth: 16, stencil: 0, acc: 0000, samples: 0/0
display  D   display_settings.c:400  _al_score_display_settings       [   0.12383] Single Buffer requirement not met.
display  D   display_settings.c:214  debug_display_settings           [   0.12385] color: 16 (rgba 5650), depth: 16, stencil: 0, acc: 0000, samples: 0/0
display  D   display_settings.c:400  _al_score_display_settings       [   0.12387] Single Buffer requirement not met.
display  D   display_settings.c:214  debug_display_settings           [   0.12389] color: 16 (rgba 5650), depth: 16, stencil: 0, acc: 0000, samples: 2/1
display  D   display_settings.c:400  _al_score_display_settings       [   0.12391] Single Buffer requirement not met.
display  D   display_settings.c:214  debug_display_settings           [   0.12393] color: 16 (rgba 5650), depth: 16, stencil: 0, acc: 0000, samples: 3/1
display  D   display_settings.c:400  _al_score_display_settings       [   0.12396] Single Buffer requirement not met.
display  D   display_settings.c:214  debug_display_settings           [   0.12398] color: 16 (rgba 5650), depth: 16, stencil: 0, acc: 0000, samples: 4/1
display  D   display_settings.c:400  _al_score_display_settings       [   0.12400] Single Buffer requirement not met.
d3d      D         d3d_disp.cpp:1731 d3d_create_display_internals     [   0.12407] Trying format 0.
d3d      I         d3d_disp.cpp:1407 d3d_display_thread_proc          [   0.12449] Chose a display format: 23
d3d      I         d3d_disp.cpp:1476 d3d_display_thread_proc          [   0.12455] Normal window.
d3d      I         d3d_disp.cpp:838  d3d_create_device                [   0.21129] Using no depth stencil buffer
d3d      D         d3d_disp.cpp:900  d3d_create_device                [   0.27041] BeginScene succeeded in create_device
d3d      D         d3d_disp.cpp:908  d3d_create_device                [   0.27049] Success
d3d      D         d3d_disp.cpp:1757 d3d_create_display_internals     [   0.27057] Resumed after wait.
d3d      I         d3d_disp.cpp:1790 d3d_create_display_internals     [   0.27066] Format 0 succeeded.
d3d      D         d3d_disp.cpp:1852 d3d_create_display_internals     [   0.27178] Returning d3d_display: 000001F274E25BF0
d3d      D         d3d_disp.cpp:1877 d3d_create_display_locked        [   0.27184] al_display=000001F274E25BF0
d3d      D         d3d_disp.cpp:1878 d3d_create_display_locked        [   0.27187] al_display->vt=000001F274E259D0
stdio    D         file_stdio.c:107  file_stdio_fopen                 [   0.27226] opening Personagem.png rb
stdio    D         file_stdio.c:107  file_stdio_fopen                 [   0.27274] opening Personagem.png rb
d3d      D         d3d_disp.cpp:1251 real_choose_bitmap_format        [   0.27295] Fake format
d3d      D         d3d_disp.cpp:1251 real_choose_bitmap_format        [   0.27297] Fake format
d3d      D         d3d_disp.cpp:1251 real_choose_bitmap_format        [   0.27298] Fake format
d3d      D         d3d_disp.cpp:1251 real_choose_bitmap_format        [   0.27299] Fake format
d3d      D         d3d_disp.cpp:1251 real_choose_bitmap_format        [   0.27301] Fake format
d3d      D         d3d_disp.cpp:1251 real_choose_bitmap_format        [   0.27302] Fake format
d3d      D         d3d_disp.cpp:1251 real_choose_bitmap_format        [   0.27303] Fake format
d3d      D         d3d_disp.cpp:1251 real_choose_bitmap_format        [   0.27304] Fake format
d3d      D         d3d_disp.cpp:1251 real_choose_bitmap_format        [   0.27306] Fake format
d3d      D         d3d_disp.cpp:1259 real_choose_bitmap_format        [   0.27307] Alpha doesn't match
d3d      D         d3d_disp.cpp:1266 real_choose_bitmap_format        [   0.27308] Adapter format is 23
d3d      D         d3d_disp.cpp:1269 real_choose_bitmap_format        [   0.27310] Found a format
d3d      I         d3d_disp.cpp:2467 d3d_create_bitmap                [   0.27312] Chose bitmap format 9
dtor     D               dtor.c:196  _al_register_destructor          [   0.28331] added dtor for bitmap 000001F27A06E980, func 00007FFF473D12CB
stdio    D         file_stdio.c:107  file_stdio_fopen                 [   0.31267] opening Velho.png rb
stdio    D         file_stdio.c:107  file_stdio_fopen                 [   0.31338] opening Velho.png rb
d3d      D         d3d_disp.cpp:1251 real_choose_bitmap_format        [   0.31360] Fake format
d3d      D         d3d_disp.cpp:1251 real_choose_bitmap_format        [   0.31362] Fake format
d3d      D         d3d_disp.cpp:1251 real_choose_bitmap_format        [   0.31364] Fake format
d3d      D         d3d_disp.cpp:1251 real_choose_bitmap_format        [   0.31366] Fake format
d3d      D         d3d_disp.cpp:1251 real_choose_bitmap_format        [   0.31367] Fake format
d3d      D         d3d_disp.cpp:1251 real_choose_bitmap_format        [   0.31369] Fake format
d3d      D         d3d_disp.cpp:1251 real_choose_bitmap_format        [   0.31370] Fake format
d3d      D         d3d_disp.cpp:1251 real_choose_bitmap_format        [   0.31372] Fake format
d3d      D         d3d_disp.cpp:1251 real_choose_bitmap_format        [   0.31374] Fake format
d3d      D         d3d_disp.cpp:1259 real_choose_bitmap_format        [   0.31375] Alpha doesn't match
d3d      D         d3d_disp.cpp:1266 real_choose_bitmap_format        [   0.31377] Adapter format is 23
d3d      D         d3d_disp.cpp:1269 real_choose_bitmap_format        [   0.31379] Found a format
d3d      I         d3d_disp.cpp:2467 d3d_create_bitmap                [   0.31381] Chose bitmap format 9
dtor     D               dtor.c:196  _al_register_destructor          [   0.31774] added dtor for bitmap 000001F27A06C4B0, func 00007FFF473D12CB
stdio    D         file_stdio.c:107  file_stdio_fopen                 [   0.35445] opening Casa.jpeg rb
stdio    D         file_stdio.c:107  file_stdio_fopen                 [   0.35494] opening Casa.jpeg rb
d3d      D         d3d_disp.cpp:1251 real_choose_bitmap_format        [   0.37819] Fake format
d3d      D         d3d_disp.cpp:1251 real_choose_bitmap_format        [   0.37823] Fake format
d3d      D         d3d_disp.cpp:1251 real_choose_bitmap_format        [   0.37825] Fake format
d3d      D         d3d_disp.cpp:1251 real_choose_bitmap_format        [   0.37827] Fake format
d3d      D         d3d_disp.cpp:1251 real_choose_bitmap_format        [   0.37828] Fake format
d3d      D         d3d_disp.cpp:1251 real_choose_bitmap_format        [   0.37829] Fake format
d3d      D         d3d_disp.cpp:1251 real_choose_bitmap_format        [   0.37830] Fake format
d3d      D         d3d_disp.cpp:1251 real_choose_bitmap_format        [   0.37831] Fake format
d3d      D         d3d_disp.cpp:1251 real_choose_bitmap_format        [   0.37834] Fake format
d3d      D         d3d_disp.cpp:1259 real_choose_bitmap_format        [   0.37835] Alpha doesn't match
d3d      D         d3d_disp.cpp:1266 real_choose_bitmap_format        [   0.37836] Adapter format is 23
d3d      D         d3d_disp.cpp:1269 real_choose_bitmap_format        [   0.37838] Found a format
d3d      I         d3d_disp.cpp:2467 d3d_create_bitmap                [   0.37839] Chose bitmap format 9
dtor     D               dtor.c:196  _al_register_destructor          [   0.38744] added dtor for bitmap 000001F27A070690, func 00007FFF473D12CB
d3d      D          d3d_bmp.cpp:539  _al_d3d_sync_bitmap              [   0.44220] _al_d3d_sync_bitmap (system) ref count == 1
d3d      D          d3d_bmp.cpp:545  _al_d3d_sync_bitmap              [   0.44230] _al_d3d_sync_bitmap (video) ref count == 1
d3d      D          d3d_bmp.cpp:539  _al_d3d_sync_bitmap              [   0.44438] _al_d3d_sync_bitmap (system) ref count == 1
d3d      D          d3d_bmp.cpp:545  _al_d3d_sync_bitmap              [   0.44446] _al_d3d_sync_bitmap (video) ref count == 1
d3d      D          d3d_bmp.cpp:539  _al_d3d_sync_bitmap              [   0.44764] _al_d3d_sync_bitmap (system) ref count == 1
d3d      D          d3d_bmp.cpp:545  _al_d3d_sync_bitmap              [   0.44772] _al_d3d_sync_bitmap (video) ref count == 1
